Archive member included to satisfy reference by file (symbol)

d:/program files/stm32cubeide_1.0.2/stm32cubeide/plugins/com.st.stm32cube.ide.mcu.externaltools.gnu-tools-for-stm32.7-2018-q2-update.win32_1.0.0.201904181610/tools/bin/../lib/gcc/arm-none-eabi/7.3.1/../../../../arm-none-eabi/lib/thumb/v7-m\libc_nano.a(lib_a-errno.o)
                              Src/syscalls.o (__errno)
d:/program files/stm32cubeide_1.0.2/stm32cubeide/plugins/com.st.stm32cube.ide.mcu.externaltools.gnu-tools-for-stm32.7-2018-q2-update.win32_1.0.0.201904181610/tools/bin/../lib/gcc/arm-none-eabi/7.3.1/../../../../arm-none-eabi/lib/thumb/v7-m\libc_nano.a(lib_a-exit.o)
                              d:/program files/stm32cubeide_1.0.2/stm32cubeide/plugins/com.st.stm32cube.ide.mcu.externaltools.gnu-tools-for-stm32.7-2018-q2-update.win32_1.0.0.201904181610/tools/bin/../lib/gcc/arm-none-eabi/7.3.1/../../../../arm-none-eabi/lib/thumb/v7-m/crt0.o (exit)
d:/program files/stm32cubeide_1.0.2/stm32cubeide/plugins/com.st.stm32cube.ide.mcu.externaltools.gnu-tools-for-stm32.7-2018-q2-update.win32_1.0.0.201904181610/tools/bin/../lib/gcc/arm-none-eabi/7.3.1/../../../../arm-none-eabi/lib/thumb/v7-m\libc_nano.a(lib_a-impure.o)
                              d:/program files/stm32cubeide_1.0.2/stm32cubeide/plugins/com.st.stm32cube.ide.mcu.externaltools.gnu-tools-for-stm32.7-2018-q2-update.win32_1.0.0.201904181610/tools/bin/../lib/gcc/arm-none-eabi/7.3.1/../../../../arm-none-eabi/lib/thumb/v7-m\libc_nano.a(lib_a-exit.o) (_global_impure_ptr)
d:/program files/stm32cubeide_1.0.2/stm32cubeide/plugins/com.st.stm32cube.ide.mcu.externaltools.gnu-tools-for-stm32.7-2018-q2-update.win32_1.0.0.201904181610/tools/bin/../lib/gcc/arm-none-eabi/7.3.1/../../../../arm-none-eabi/lib/thumb/v7-m\libc_nano.a(lib_a-init.o)
                              d:/program files/stm32cubeide_1.0.2/stm32cubeide/plugins/com.st.stm32cube.ide.mcu.externaltools.gnu-tools-for-stm32.7-2018-q2-update.win32_1.0.0.201904181610/tools/bin/../lib/gcc/arm-none-eabi/7.3.1/../../../../arm-none-eabi/lib/thumb/v7-m/crt0.o (__libc_init_array)
d:/program files/stm32cubeide_1.0.2/stm32cubeide/plugins/com.st.stm32cube.ide.mcu.externaltools.gnu-tools-for-stm32.7-2018-q2-update.win32_1.0.0.201904181610/tools/bin/../lib/gcc/arm-none-eabi/7.3.1/../../../../arm-none-eabi/lib/thumb/v7-m\libc_nano.a(lib_a-memset.o)
                              d:/program files/stm32cubeide_1.0.2/stm32cubeide/plugins/com.st.stm32cube.ide.mcu.externaltools.gnu-tools-for-stm32.7-2018-q2-update.win32_1.0.0.201904181610/tools/bin/../lib/gcc/arm-none-eabi/7.3.1/../../../../arm-none-eabi/lib/thumb/v7-m/crt0.o (memset)
d:/program files/stm32cubeide_1.0.2/stm32cubeide/plugins/com.st.stm32cube.ide.mcu.externaltools.gnu-tools-for-stm32.7-2018-q2-update.win32_1.0.0.201904181610/tools/bin/../lib/gcc/arm-none-eabi/7.3.1/../../../../arm-none-eabi/lib/thumb/v7-m\libc_nano.a(lib_a-printf.o)
                              Src/ui.o (printf)
d:/program files/stm32cubeide_1.0.2/stm32cubeide/plugins/com.st.stm32cube.ide.mcu.externaltools.gnu-tools-for-stm32.7-2018-q2-update.win32_1.0.0.201904181610/tools/bin/../lib/gcc/arm-none-eabi/7.3.1/../../../../arm-none-eabi/lib/thumb/v7-m\libc_nano.a(lib_a-rand.o)
                              Src/block.o (srand)
d:/program files/stm32cubeide_1.0.2/stm32cubeide/plugins/com.st.stm32cube.ide.mcu.externaltools.gnu-tools-for-stm32.7-2018-q2-update.win32_1.0.0.201904181610/tools/bin/../lib/gcc/arm-none-eabi/7.3.1/../../../../arm-none-eabi/lib/thumb/v7-m\libc_nano.a(lib_a-sprintf.o)
                              Src/ui.o (sprintf)
d:/program files/stm32cubeide_1.0.2/stm32cubeide/plugins/com.st.stm32cube.ide.mcu.externaltools.gnu-tools-for-stm32.7-2018-q2-update.win32_1.0.0.201904181610/tools/bin/../lib/gcc/arm-none-eabi/7.3.1/../../../../arm-none-eabi/lib/thumb/v7-m\libc_nano.a(lib_a-findfp.o)
                              d:/program files/stm32cubeide_1.0.2/stm32cubeide/plugins/com.st.stm32cube.ide.mcu.externaltools.gnu-tools-for-stm32.7-2018-q2-update.win32_1.0.0.201904181610/tools/bin/../lib/gcc/arm-none-eabi/7.3.1/../../../../arm-none-eabi/lib/thumb/v7-m\libc_nano.a(lib_a-printf.o) (__sinit)
d:/program files/stm32cubeide_1.0.2/stm32cubeide/plugins/com.st.stm32cube.ide.mcu.externaltools.gnu-tools-for-stm32.7-2018-q2-update.win32_1.0.0.201904181610/tools/bin/../lib/gcc/arm-none-eabi/7.3.1/../../../../arm-none-eabi/lib/thumb/v7-m\libc_nano.a(lib_a-fwalk.o)
                              d:/program files/stm32cubeide_1.0.2/stm32cubeide/plugins/com.st.stm32cube.ide.mcu.externaltools.gnu-tools-for-stm32.7-2018-q2-update.win32_1.0.0.201904181610/tools/bin/../lib/gcc/arm-none-eabi/7.3.1/../../../../arm-none-eabi/lib/thumb/v7-m\libc_nano.a(lib_a-findfp.o) (_fwalk)
[...]
Memory Configuration

Name             Origin             Length             Attributes
RAM              0x0000000020000000 0x000000000000c000 xrw
FLASH            0x0000000008000000 0x0000000000040000 xr
*default*        0x0000000000000000 0xffffffffffffffff

Linker script and memory map

LOAD d:/program files/stm32cubeide_1.0.2/stm32cubeide/plugins/com.st.stm32cube.ide.mcu.externaltools.gnu-tools-for-stm32.7-2018-q2-update.win32_1.0.0.201904181610/tools/bin/../lib/gcc/arm-none-eabi/7.3.1/thumb/v7-m/crti.o
LOAD d:/program files/stm32cubeide_1.0.2/stm32cubeide/plugins/com.st.stm32cube.ide.mcu.externaltools.gnu-tools-for-stm32.7-2018-q2-update.win32_1.0.0.201904181610/tools/bin/../lib/gcc/arm-none-eabi/7.3.1/thumb/v7-m/crtbegin.o
LOAD d:/program files/stm32cubeide_1.0.2/stm32cubeide/plugins/com.st.stm32cube.ide.mcu.externaltools.gnu-tools-for-stm32.7-2018-q2-update.win32_1.0.0.201904181610/tools/bin/../lib/gcc/arm-none-eabi/7.3.1/../../../../arm-none-eabi/lib/thumb/v7-m/crt0.o
LOAD Drivers/STM32F1xx_HAL_Driver/Src/stm32f1xx_hal.o
LOAD Drivers/STM32F1xx_HAL_Driver/Src/stm32f1xx_hal_cortex.o
LOAD Drivers/STM32F1xx_HAL_Driver/Src/stm32f1xx_hal_dma.o
LOAD Drivers/STM32F1xx_HAL_Driver/Src/stm32f1xx_hal_exti.o
LOAD Drivers/STM32F1xx_HAL_Driver/Src/stm32f1xx_hal_flash.o
LOAD Drivers/STM32F1xx_HAL_Driver/Src/stm32f1xx_hal_flash_ex.o
LOAD Drivers/STM32F1xx_HAL_Driver/Src/stm32f1xx_hal_gpio.o
LOAD Drivers/STM32F1xx_HAL_Driver/Src/stm32f1xx_hal_gpio_ex.o
LOAD Drivers/STM32F1xx_HAL_Driver/Src/stm32f1xx_hal_pwr.o
LOAD Drivers/STM32F1xx_HAL_Driver/Src/stm32f1xx_hal_rcc.o
LOAD Drivers/STM32F1xx_HAL_Driver/Src/stm32f1xx_hal_rcc_ex.o
LOAD Drivers/STM32F1xx_HAL_Driver/Src/stm32f1xx_hal_tim.o
LOAD Drivers/STM32F1xx_HAL_Driver/Src/stm32f1xx_hal_tim_ex.o
LOAD Src/block.o
LOAD Src/bmp_background.o
LOAD Src/button.o
LOAD Src/game.o
LOAD Src/grid.o
LOAD Src/lcd.o
LOAD Src/main.o
LOAD Src/stm32f1xx_hal_msp.o
LOAD Src/stm32f1xx_it.o
LOAD Src/syscalls.o
LOAD Src/sysmem.o
LOAD Src/system_stm32f1xx.o
LOAD Src/ui.o
LOAD Startup/startup_stm32f103rctx.o
START GROUP
LOAD d:/program files/stm32cubeide_1.0.2/stm32cubeide/plugins/com.st.stm32cube.ide.mcu.externaltools.gnu-tools-for-stm32.7-2018-q2-update.win32_1.0.0.201904181610/tools/bin/../lib/gcc/arm-none-eabi/7.3.1/../../../../arm-none-eabi/lib/thumb/v7-m\libc_nano.a
LOAD d:/program files/stm32cubeide_1.0.2/stm32cubeide/plugins/com.st.stm32cube.ide.mcu.externaltools.gnu-tools-for-stm32.7-2018-q2-update.win32_1.0.0.201904181610/tools/bin/../lib/gcc/arm-none-eabi/7.3.1/../../../../arm-none-eabi/lib/thumb/v7-m\libm.a
END GROUP
START GROUP
LOAD d:/program files/stm32cubeide_1.0.2/stm32cubeide/plugins/com.st.stm32cube.ide.mcu.externaltools.gnu-tools-for-stm32.7-2018-q2-update.win32_1.0.0.201904181610/tools/bin/../lib/gcc/arm-none-eabi/7.3.1/thumb/v7-m\libgcc.a
LOAD d:/program files/stm32cubeide_1.0.2/stm32cubeide/plugins/com.st.stm32cube.ide.mcu.externaltools.gnu-tools-for-stm32.7-2018-q2-update.win32_1.0.0.201904181610/tools/bin/../lib/gcc/arm-none-eabi/7.3.1/../../../../arm-none-eabi/lib/thumb/v7-m\libc_nano.a
END GROUP
START GROUP
LOAD d:/program files/stm32cubeide_1.0.2/stm32cubeide/plugins/com.st.stm32cube.ide.mcu.externaltools.gnu-tools-for-stm32.7-2018-q2-update.win32_1.0.0.201904181610/tools/bin/../lib/gcc/arm-none-eabi/7.3.1/thumb/v7-m\libgcc.a
LOAD d:/program files/stm32cubeide_1.0.2/stm32cubeide/plugins/com.st.stm32cube.ide.mcu.externaltools.gnu-tools-for-stm32.7-2018-q2-update.win32_1.0.0.201904181610/tools/bin/../lib/gcc/arm-none-eabi/7.3.1/../../../../arm-none-eabi/lib/thumb/v7-m\libc_nano.a
LOAD d:/program files/stm32cubeide_1.0.2/stm32cubeide/plugins/com.st.stm32cube.ide.mcu.externaltools.gnu-tools-for-stm32.7-2018-q2-update.win32_1.0.0.201904181610/tools/bin/../lib/gcc/arm-none-eabi/7.3.1/../../../../arm-none-eabi/lib/thumb/v7-m\libnosys.a
END GROUP
START GROUP
LOAD d:/program files/stm32cubeide_1.0.2/stm32cubeide/plugins/com.st.stm32cube.ide.mcu.externaltools.gnu-tools-for-stm32.7-2018-q2-update.win32_1.0.0.201904181610/tools/bin/../lib/gcc/arm-none-eabi/7.3.1/thumb/v7-m\libgcc.a
LOAD d:/program files/stm32cubeide_1.0.2/stm32cubeide/plugins/com.st.stm32cube.ide.mcu.externaltools.gnu-tools-for-stm32.7-2018-q2-update.win32_1.0.0.201904181610/tools/bin/../lib/gcc/arm-none-eabi/7.3.1/../../../../arm-none-eabi/lib/thumb/v7-m\libc_nano.a
LOAD d:/program files/stm32cubeide_1.0.2/stm32cubeide/plugins/com.st.stm32cube.ide.mcu.externaltools.gnu-tools-for-stm32.7-2018-q2-update.win32_1.0.0.201904181610/tools/bin/../lib/gcc/arm-none-eabi/7.3.1/../../../../arm-none-eabi/lib/thumb/v7-m\libnosys.a
END GROUP
LOAD d:/program files/stm32cubeide_1.0.2/stm32cubeide/plugins/com.st.stm32cube.ide.mcu.externaltools.gnu-tools-for-stm32.7-2018-q2-update.win32_1.0.0.201904181610/tools/bin/../lib/gcc/arm-none-eabi/7.3.1/thumb/v7-m/crtend.o
LOAD d:/program files/stm32cubeide_1.0.2/stm32cubeide/plugins/com.st.stm32cube.ide.mcu.externaltools.gnu-tools-for-stm32.7-2018-q2-update.win32_1.0.0.201904181610/tools/bin/../lib/gcc/arm-none-eabi/7.3.1/thumb/v7-m/crtn.o
                0x000000002000c000                _estack = 0x2000c000
                0x0000000000000200                _Min_Heap_Size = 0x200
                0x0000000000000400                _Min_Stack_Size = 0x400

.isr_vector     0x0000000008000000      0x1e4
                0x0000000008000000                . = ALIGN (0x4)
 *(.isr_vector)
 .isr_vector    0x0000000008000000      0x1e4 Startup/startup_stm32f103rctx.o
                0x0000000008000000                g_pfnVectors
                0x00000000080001e4                . = ALIGN (0x4)

.text           0x00000000080001e8     0xa57c
                0x00000000080001e8                . = ALIGN (0x4)
 *(.text)
 .text          0x00000000080001e8       0x40 d:/program files/stm32cubeide_1.0.2/stm32cubeide/plugins/com.st.stm32cube.ide.mcu.externaltools.gnu-tools-for-stm32.7-2018-q2-update.win32_1.0.0.201904181610/tools/bin/../lib/gcc/arm-none-eabi/7.3.1/thumb/v7-m/crtbegin.o
 .text          0x0000000008000228      0x378 d:/program files/stm32cubeide_1.0.2/stm32cubeide/plugins/com.st.stm32cube.ide.mcu.externaltools.gnu-tools-for-stm32.7-2018-q2-update.win32_1.0.0.201904181610/tools/bin/../lib/gcc/arm-none-eabi/7.3.1/thumb/v7-m\libgcc.a(_arm_addsubdf3.o)
                0x0000000008000228                __aeabi_drsub
                0x0000000008000230                __aeabi_dsub
                0x0000000008000230                __subdf3
                0x0000000008000234                __aeabi_dadd
                0x0000000008000234                __adddf3
                0x00000000080004ac                __floatunsidf
                0x00000000080004ac                __aeabi_ui2d
                0x00000000080004cc                __floatsidf
                0x00000000080004cc                __aeabi_i2d
                0x00000000080004f0                __aeabi_f2d
                0x00000000080004f0                __extendsfdf2
                0x0000000008000534                __floatundidf
                0x0000000008000534                __aeabi_ul2d
                0x0000000008000544                __floatdidf
                0x0000000008000544                __aeabi_l2d
 .text          0x00000000080005a0      0x424 d:/program files/stm32cubeide_1.0.2/stm32cubeide/plugins/com.st.stm32cube.ide.mcu.externaltools.gnu-tools-for-stm32.7-2018-q2-update.win32_1.0.0.201904181610/tools/bin/../lib/gcc/arm-none-eabi/7.3.1/thumb/v7-m\libgcc.a(_arm_muldivdf3.o)
                0x00000000080005a0                __aeabi_dmul
                0x00000000080005a0                __muldf3
                0x00000000080007f4                __divdf3
                0x00000000080007f4                __aeabi_ddiv
 .text          0x00000000080009c4       0x40 d:/program files/stm32cubeide_1.0.2/stm32cubeide/plugins/com.st.stm32cube.ide.mcu.externaltools.gnu-tools-for-stm32.7-2018-q2-update.win32_1.0.0.201904181610/tools/bin/../lib/gcc/arm-none-eabi/7.3.1/thumb/v7-m\libgcc.a(_arm_fixunsdfsi.o)
                0x00000000080009c4                __aeabi_d2uiz
                0x00000000080009c4                __fixunsdfsi
 *(.text*)
 .text.HAL_Init
                0x0000000008000a04       0x2c Drivers/STM32F1xx_HAL_Driver/Src/stm32f1xx_hal.o
                0x0000000008000a04                HAL_Init
 .text.HAL_InitTick
                0x0000000008000a30       0x60 Drivers/STM32F1xx_HAL_Driver/Src/stm32f1xx_hal.o
                0x0000000008000a30                HAL_InitTick
 .text.HAL_IncTick
                0x0000000008000a90       0x24 Drivers/STM32F1xx_HAL_Driver/Src/stm32f1xx_hal.o
                0x0000000008000a90                HAL_IncTick
 .text.HAL_GetTick
                0x0000000008000ab4       0x14 Drivers/STM32F1xx_HAL_Driver/Src/stm32f1xx_hal.o
                0x0000000008000ab4                HAL_GetTick
 .text.HAL_Delay
                0x0000000008000ac8       0x44 Drivers/STM32F1xx_HAL_Driver/Src/stm32f1xx_hal.o
                0x0000000008000ac8                HAL_Delay
 .text.__NVIC_SetPriorityGrouping
                0x0000000008000b0c       0x48 Drivers/STM32F1xx_HAL_Driver/Src/stm32f1xx_hal_cortex.o
 .text.__NVIC_GetPriorityGrouping
                0x0000000008000b54       0x1c Drivers/STM32F1xx_HAL_Driver/Src/stm32f1xx_hal_cortex.o
 .text.__NVIC_SetPriority
                0x0000000008000b70       0x54 Drivers/STM32F1xx_HAL_Driver/Src/stm32f1xx_hal_cortex.o
 .text.NVIC_EncodePriority
                0x0000000008000bc4       0x64 Drivers/STM32F1xx_HAL_Driver/Src/stm32f1xx_hal_cortex.o
 .text.SysTick_Config
                0x0000000008000c28       0x44 Drivers/STM32F1xx_HAL_Driver/Src/stm32f1xx_hal_cortex.o
 .text.HAL_NVIC_SetPriorityGrouping
                0x0000000008000c6c       0x16 Drivers/STM32F1xx_HAL_Driver/Src/stm32f1xx_hal_cortex.o
                0x0000000008000c6c                HAL_NVIC_SetPriorityGrouping
 .text.HAL_NVIC_SetPriority
                0x0000000008000c82       0x38 Drivers/STM32F1xx_HAL_Driver/Src/stm32f1xx_hal_cortex.o
                0x0000000008000c82                HAL_NVIC_SetPriority
 .text.HAL_SYSTICK_Config
                0x0000000008000cba       0x18 Drivers/STM32F1xx_HAL_Driver/Src/stm32f1xx_hal_cortex.o
                0x0000000008000cba                HAL_SYSTICK_Config
 *fill*         0x0000000008000cd2        0x2 
 .text.HAL_GPIO_Init
                0x0000000008000cd4      0x2d4 Drivers/STM32F1xx_HAL_Driver/Src/stm32f1xx_hal_gpio.o
                0x0000000008000cd4                HAL_GPIO_Init
 .text.HAL_GPIO_ReadPin
                0x0000000008000fa8       0x2e Drivers/STM32F1xx_HAL_Driver/Src/stm32f1xx_hal_gpio.o
                0x0000000008000fa8                HAL_GPIO_ReadPin
 .text.HAL_GPIO_WritePin
                0x0000000008000fd6       0x30 Drivers/STM32F1xx_HAL_Driver/Src/stm32f1xx_hal_gpio.o
                0x0000000008000fd6                HAL_GPIO_WritePin
 *fill*         0x0000000008001006        0x2 
 .text.HAL_RCC_OscConfig
                0x0000000008001008      0x500 Drivers/STM32F1xx_HAL_Driver/Src/stm32f1xx_hal_rcc.o
                0x0000000008001008                HAL_RCC_OscConfig
 .text.HAL_RCC_ClockConfig
                0x0000000008001508      0x1d4 Drivers/STM32F1xx_HAL_Driver/Src/stm32f1xx_hal_rcc.o
                0x0000000008001508                HAL_RCC_ClockConfig
 .text.HAL_RCC_GetSysClockFreq
                0x00000000080016dc       0xc4 Drivers/STM32F1xx_HAL_Driver/Src/stm32f1xx_hal_rcc.o
                0x00000000080016dc                HAL_RCC_GetSysClockFreq
 .text.RCC_Delay
                0x00000000080017a0       0x3c Drivers/STM32F1xx_HAL_Driver/Src/stm32f1xx_hal_rcc.o
 .text.left_shift_check
                0x00000000080017dc       0xc0 Src/block.o
                0x00000000080017dc                left_shift_check
 .text.right_shift_check
                0x000000000800189c       0xc0 Src/block.o
                0x000000000800189c                right_shift_check
 .text.down_shift_check
                0x000000000800195c       0xc0 Src/block.o
                0x000000000800195c                down_shift_check
 .text.rotation_check
                0x0000000008001a1c       0xc4 Src/block.o
                0x0000000008001a1c                rotation_check
 .text.intersection_check
                0x0000000008001ae0       0xb4 Src/block.o
                0x0000000008001ae0                intersection_check
 .text.cell_occupation_check
                0x0000000008001b94       0x60 Src/block.o
                0x0000000008001b94                cell_occupation_check
 .text.set_block_static
                0x0000000008001bf4       0xb4 Src/block.o
                0x0000000008001bf4                set_block_static
 .text.block_reset
                0x0000000008001ca8       0x8c Src/block.o
                0x0000000008001ca8                block_reset
 .text.block_init
                0x0000000008001d34      0x730 Src/block.o
                0x0000000008001d34                block_init
 .text.button_update
                0x0000000008002464       0x34 Src/button.o
                0x0000000008002464                button_update
 .text.read_button
                0x0000000008002498       0xb8 Src/button.o
                0x0000000008002498                read_button
 .text.button_action
                0x0000000008002550       0xe0 Src/button.o
                0x0000000008002550                button_action
 .text.game_update
                0x0000000008002630       0x34 Src/game.o
                0x0000000008002630                game_update
 .text.grid_move_left
                0x0000000008002664       0x34 Src/game.o
                0x0000000008002664                grid_move_left
 .text.grid_move_right
                0x0000000008002698       0x34 Src/game.o
                0x0000000008002698                grid_move_right
 .text.reset_grid_fall_speed
                0x00000000080026cc       0x18 Src/game.o
                0x00000000080026cc                reset_grid_fall_speed
 .text.accelerate_fall_speed
                0x00000000080026e4       0x24 Src/game.o
                0x00000000080026e4                accelerate_fall_speed
 .text.grid_rotation
                0x0000000008002708       0x3c Src/game.o
                0x0000000008002708                grid_rotation
 .text.game_fail_check
                0x0000000008002744       0x18 Src/game.o
                0x0000000008002744                game_fail_check
 .text.grid_quick_fall_down
                0x000000000800275c       0x3c Src/game.o
                0x000000000800275c                grid_quick_fall_down
 .text.grid_fall_down
                0x0000000008002798       0xe8 Src/game.o
                0x0000000008002798                grid_fall_down
 .text.game_reset
                0x0000000008002880       0x44 Src/game.o
                0x0000000008002880                game_reset
 .text.delete_full_lines
                0x00000000080028c4       0x84 Src/grid.o
                0x00000000080028c4                delete_full_lines
 .text.clear_row
                0x0000000008002948       0x88 Src/grid.o
                0x0000000008002948                clear_row
 .text.grid_init
                0x00000000080029d0       0x50 Src/grid.o
                0x00000000080029d0                grid_init
 .text.sub_grid_init
                0x0000000008002a20       0x48 Src/grid.o
                0x0000000008002a20                sub_grid_init
 .text.LCD_WR_REG
                0x0000000008002a68       0x48 Src/lcd.o
                0x0000000008002a68                LCD_WR_REG
 .text.LCD_WR_DATAX
                0x0000000008002ab0       0x48 Src/lcd.o
                0x0000000008002ab0                LCD_WR_DATAX
 .text.LCD_RD_DATA
                0x0000000008002af8       0x88 Src/lcd.o
                0x0000000008002af8                LCD_RD_DATA
 .text.LCD_WriteReg
                0x0000000008002b80       0x54 Src/lcd.o
                0x0000000008002b80                LCD_WriteReg
 .text.LCD_ReadReg
                0x0000000008002bd4       0x20 Src/lcd.o
                0x0000000008002bd4                LCD_ReadReg
 .text.LCD_WriteRAM_Prepare
                0x0000000008002bf4       0x18 Src/lcd.o
                0x0000000008002bf4                LCD_WriteRAM_Prepare
 .text.LCD_SetCursor
                0x0000000008002c0c      0x598 Src/lcd.o
                0x0000000008002c0c                LCD_SetCursor
 .text.LCD_Scan_Dir
                0x00000000080031a4      0x624 Src/lcd.o
                0x00000000080031a4                LCD_Scan_Dir
 .text.LCD_DrawPoint
                0x00000000080037c8       0x60 Src/lcd.o
                0x00000000080037c8                LCD_DrawPoint
 .text.LCD_Fast_DrawPoint
                0x0000000008003828      0x53c Src/lcd.o
                0x0000000008003828                LCD_Fast_DrawPoint
 *fill*         0x0000000008003d64        0x4 
 .text.LCD_SSD_BackLightSet
                0x0000000008003d68      0x148 Src/lcd.o
                0x0000000008003d68                LCD_SSD_BackLightSet
 .text.LCD_Display_Dir
                0x0000000008003eb0      0x218 Src/lcd.o
                0x0000000008003eb0                LCD_Display_Dir
 .text.LCD_Init
                0x00000000080040c8     0x3e5c Src/lcd.o
                0x00000000080040c8                LCD_Init
 .text.LCD_Clear
                0x0000000008007f24       0xc4 Src/lcd.o
                0x0000000008007f24                LCD_Clear
 .text.LCD_Fill
                0x0000000008007fe8      0x118 Src/lcd.o
                0x0000000008007fe8                LCD_Fill
 .text.LCD_DrawLine
                0x0000000008008100      0x106 Src/lcd.o
                0x0000000008008100                LCD_DrawLine
 .text.LCD_DrawRectangle
                0x0000000008008206       0x56 Src/lcd.o
                0x0000000008008206                LCD_DrawRectangle
 .text.LCD_ShowChar
                0x000000000800825c      0x15c Src/lcd.o
                0x000000000800825c                LCD_ShowChar
 .text.LCD_ShowString
                0x00000000080083b8       0x9c Src/lcd.o
                0x00000000080083b8                LCD_ShowString
 .text.LCD_ShowImage
                0x0000000008008454       0xa4 Src/lcd.o
                0x0000000008008454                LCD_ShowImage
 .text.main     0x00000000080084f8       0x22 Src/main.o
                0x00000000080084f8                main
 .text.SystemClock_Config
                0x000000000800851a       0x8a Src/main.o
                0x000000000800851a                SystemClock_Config
 .text.MX_GPIO_Init
                0x00000000080085a4      0x110 Src/main.o
 .text.Error_Handler
                0x00000000080086b4        0xc Src/main.o
                0x00000000080086b4                Error_Handler
 .text.HAL_MspInit
                0x00000000080086c0       0x64 Src/stm32f1xx_hal_msp.o
                0x00000000080086c0                HAL_MspInit
 .text.NMI_Handler
                0x0000000008008724        0xc Src/stm32f1xx_it.o
                0x0000000008008724                NMI_Handler
 .text.HardFault_Handler
                0x0000000008008730        0x6 Src/stm32f1xx_it.o
                0x0000000008008730                HardFault_Handler
 .text.MemManage_Handler
                0x0000000008008736        0x6 Src/stm32f1xx_it.o
                0x0000000008008736                MemManage_Handler
 .text.BusFault_Handler
                0x000000000800873c        0x6 Src/stm32f1xx_it.o
                0x000000000800873c                BusFault_Handler
 .text.UsageFault_Handler
                0x0000000008008742        0x6 Src/stm32f1xx_it.o
                0x0000000008008742                UsageFault_Handler
 .text.SVC_Handler
                0x0000000008008748        0xc Src/stm32f1xx_it.o
                0x0000000008008748                SVC_Handler
 .text.DebugMon_Handler
                0x0000000008008754        0xc Src/stm32f1xx_it.o
                0x0000000008008754                DebugMon_Handler
 .text.PendSV_Handler
                0x0000000008008760        0xc Src/stm32f1xx_it.o
                0x0000000008008760                PendSV_Handler
 .text.SysTick_Handler
                0x000000000800876c        0xc Src/stm32f1xx_it.o
                0x000000000800876c                SysTick_Handler
 .text._read    0x0000000008008778       0x3a Src/syscalls.o
                0x0000000008008778                _read
 .text._write   0x00000000080087b2       0x38 Src/syscalls.o
                0x00000000080087b2                _write
 .text._close   0x00000000080087ea       0x16 Src/syscalls.o
                0x00000000080087ea                _close
 .text._fstat   0x0000000008008800       0x1e Src/syscalls.o
                0x0000000008008800                _fstat
 .text._isatty  0x000000000800881e       0x14 Src/syscalls.o
                0x000000000800881e                _isatty
 .text._lseek   0x0000000008008832       0x18 Src/syscalls.o
                0x0000000008008832                _lseek
 *fill*         0x000000000800884a        0x2 
 .text._sbrk    0x000000000800884c       0x58 Src/sysmem.o
                0x000000000800884c                _sbrk
 .text.SystemInit
                0x00000000080088a4       0x68 Src/system_stm32f1xx.o
                0x00000000080088a4                SystemInit
 .text.draw_background
                0x000000000800890c       0xd0 Src/ui.o
                0x000000000800890c                draw_background
 .text.draw_block
                0x00000000080089dc      0x1fc Src/ui.o
                0x00000000080089dc                draw_block
 .text.grid_render
                0x0000000008008bd8       0x88 Src/ui.o
                0x0000000008008bd8                grid_render
 .text.draw_main_block
                0x0000000008008c60       0x9c Src/ui.o
                0x0000000008008c60                draw_main_block
 .text.draw_next_block1
                0x0000000008008cfc       0x84 Src/ui.o
                0x0000000008008cfc                draw_next_block1
 .text.draw_next_block2
                0x0000000008008d80       0x84 Src/ui.o
                0x0000000008008d80                draw_next_block2
 .text.update_score
                0x0000000008008e04       0x80 Src/ui.o
                0x0000000008008e04                update_score
 .text.update_level
                0x0000000008008e84      0x178 Src/ui.o
                0x0000000008008e84                update_level
 .text.game_start
                0x0000000008008ffc       0x9c Src/ui.o
                0x0000000008008ffc                game_start
 .text.choose_pattern
                0x0000000008009098      0x25c Src/ui.o
                0x0000000008009098                choose_pattern
 .text.game_over
                0x00000000080092f4      0x184 Src/ui.o
                0x00000000080092f4                game_over
 .text.Reset_Handler
                0x0000000008009478       0x48 Startup/startup_stm32f103rctx.o
                0x0000000008009478                Reset_Handler
 .text.Default_Handler
                0x00000000080094c0        0x2 Startup/startup_stm32f103rctx.o
                0x00000000080094c0                RTC_Alarm_IRQHandler
                0x00000000080094c0                EXTI2_IRQHandler
                0x00000000080094c0                TIM8_TRG_COM_IRQHandler
                0x00000000080094c0                TIM8_CC_IRQHandler
                0x00000000080094c0                TIM1_CC_IRQHandler
                0x00000000080094c0                TIM6_IRQHandler
                0x00000000080094c0                PVD_IRQHandler
                0x00000000080094c0                SDIO_IRQHandler
                0x00000000080094c0                EXTI3_IRQHandler
                0x00000000080094c0                EXTI0_IRQHandler
                0x00000000080094c0                I2C2_EV_IRQHandler
                0x00000000080094c0                ADC1_2_IRQHandler
                0x00000000080094c0                SPI1_IRQHandler
                0x00000000080094c0                TAMPER_IRQHandler
                0x00000000080094c0                TIM8_UP_IRQHandler
                0x00000000080094c0                DMA2_Channel2_IRQHandler
                0x00000000080094c0                DMA1_Channel4_IRQHandler
                0x00000000080094c0                USART3_IRQHandler
                0x00000000080094c0                RTC_IRQHandler
                0x00000000080094c0                DMA1_Channel7_IRQHandler
                0x00000000080094c0                CAN1_RX1_IRQHandler
                0x00000000080094c0                UART5_IRQHandler
                0x00000000080094c0                ADC3_IRQHandler
                0x00000000080094c0                TIM4_IRQHandler
                0x00000000080094c0                DMA2_Channel1_IRQHandler
                0x00000000080094c0                I2C1_EV_IRQHandler
                0x00000000080094c0                DMA1_Channel6_IRQHandler
                0x00000000080094c0                UART4_IRQHandler
                0x00000000080094c0                TIM3_IRQHandler
                0x00000000080094c0                RCC_IRQHandler
                0x00000000080094c0                TIM1_TRG_COM_IRQHandler
                0x00000000080094c0                DMA1_Channel1_IRQHandler
                0x00000000080094c0                Default_Handler
                0x00000000080094c0                EXTI15_10_IRQHandler
                0x00000000080094c0                TIM7_IRQHandler
                0x00000000080094c0                TIM5_IRQHandler
                0x00000000080094c0                EXTI9_5_IRQHandler
                0x00000000080094c0                SPI2_IRQHandler
                0x00000000080094c0                DMA1_Channel5_IRQHandler
                0x00000000080094c0                EXTI4_IRQHandler
                0x00000000080094c0                USB_LP_CAN1_RX0_IRQHandler
                0x00000000080094c0                USB_HP_CAN1_TX_IRQHandler
                0x00000000080094c0                DMA1_Channel3_IRQHandler
                0x00000000080094c0                FSMC_IRQHandler
                0x00000000080094c0                TIM1_UP_IRQHandler
                0x00000000080094c0                WWDG_IRQHandler
                0x00000000080094c0                TIM2_IRQHandler
                0x00000000080094c0                TIM1_BRK_IRQHandler
                0x00000000080094c0                EXTI1_IRQHandler
                0x00000000080094c0                DMA2_Channel4_5_IRQHandler
                0x00000000080094c0                USART2_IRQHandler
                0x00000000080094c0                I2C2_ER_IRQHandler
                0x00000000080094c0                DMA1_Channel2_IRQHandler
                0x00000000080094c0                TIM8_BRK_IRQHandler
                0x00000000080094c0                CAN1_SCE_IRQHandler
                0x00000000080094c0                FLASH_IRQHandler
                0x00000000080094c0                USART1_IRQHandler
                0x00000000080094c0                SPI3_IRQHandler
                0x00000000080094c0                I2C1_ER_IRQHandler
                0x00000000080094c0                USBWakeUp_IRQHandler
                0x00000000080094c0                DMA2_Channel3_IRQHandler
 *fill*         0x00000000080094c2        0x2 
 .text.__errno  0x00000000080094c4        0xc d:/program files/stm32cubeide_1.0.2/stm32cubeide/plugins/com.st.stm32cube.ide.mcu.externaltools.gnu-tools-for-stm32.7-2018-q2-update.win32_1.0.0.201904181610/tools/bin/../lib/gcc/arm-none-eabi/7.3.1/../../../../arm-none-eabi/lib/thumb/v7-m\libc_nano.a(lib_a-errno.o)
                0x00000000080094c4                __errno
 .text.__libc_init_array
                0x00000000080094d0       0x48 d:/program files/stm32cubeide_1.0.2/stm32cubeide/plugins/com.st.stm32cube.ide.mcu.externaltools.gnu-tools-for-stm32.7-2018-q2-update.win32_1.0.0.201904181610/tools/bin/../lib/gcc/arm-none-eabi/7.3.1/../../../../arm-none-eabi/lib/thumb/v7-m\libc_nano.a(lib_a-init.o)
                0x00000000080094d0                __libc_init_array
 .text.memset   0x0000000008009518       0x10 d:/program files/stm32cubeide_1.0.2/stm32cubeide/plugins/com.st.stm32cube.ide.mcu.externaltools.gnu-tools-for-stm32.7-2018-q2-update.win32_1.0.0.201904181610/tools/bin/../lib/gcc/arm-none-eabi/7.3.1/../../../../arm-none-eabi/lib/thumb/v7-m\libc_nano.a(lib_a-memset.o)
                0x0000000008009518                memset
 .text.printf   0x0000000008009528       0x30 d:/program files/stm32cubeide_1.0.2/stm32cubeide/plugins/com.st.stm32cube.ide.mcu.externaltools.gnu-tools-for-stm32.7-2018-q2-update.win32_1.0.0.201904181610/tools/bin/../lib/gcc/arm-none-eabi/7.3.1/../../../../arm-none-eabi/lib/thumb/v7-m\libc_nano.a(lib_a-printf.o)
                0x0000000008009528                iprintf
                0x0000000008009528                printf
 .text.srand    0x0000000008009558       0x48 d:/program files/stm32cubeide_1.0.2/stm32cubeide/plugins/com.st.stm32cube.ide.mcu.externaltools.gnu-tools-for-stm32.7-2018-q2-update.win32_1.0.0.201904181610/tools/bin/../lib/gcc/arm-none-eabi/7.3.1/../../../../arm-none-eabi/lib/thumb/v7-m\libc_nano.a(lib_a-rand.o)
                0x0000000008009558                srand
 .text.rand     0x00000000080095a0       0x68 d:/program files/stm32cubeide_1.0.2/stm32cubeide/plugins/com.st.stm32cube.ide.mcu.externaltools.gnu-tools-for-stm32.7-2018-q2-update.win32_1.0.0.201904181610/tools/bin/../lib/gcc/arm-none-eabi/7.3.1/../../../../arm-none-eabi/lib/thumb/v7-m\libc_nano.a(lib_a-rand.o)
                0x00000000080095a0                rand
 .text.sprintf  0x0000000008009608       0x40 d:/program files/stm32cubeide_1.0.2/stm32cubeide/plugins/com.st.stm32cube.ide.mcu.externaltools.gnu-tools-for-stm32.7-2018-q2-update.win32_1.0.0.201904181610/tools/bin/../lib/gcc/arm-none-eabi/7.3.1/../../../../arm-none-eabi/lib/thumb/v7-m\libc_nano.a(lib_a-sprintf.o)
                0x0000000008009608                siprintf
                0x0000000008009608                sprintf
 .text.std      0x0000000008009648       0x48 d:/program files/stm32cubeide_1.0.2/stm32cubeide/plugins/com.st.stm32cube.ide.mcu.externaltools.gnu-tools-for-stm32.7-2018-q2-update.win32_1.0.0.201904181610/tools/bin/../lib/gcc/arm-none-eabi/7.3.1/../../../../arm-none-eabi/lib/thumb/v7-m\libc_nano.a(lib_a-findfp.o)
 .text._cleanup_r
                0x0000000008009690        0xc d:/program files/stm32cubeide_1.0.2/stm32cubeide/plugins/com.st.stm32cube.ide.mcu.externaltools.gnu-tools-for-stm32.7-2018-q2-update.win32_1.0.0.201904181610/tools/bin/../lib/gcc/arm-none-eabi/7.3.1/../../../../arm-none-eabi/lib/thumb/v7-m\libc_nano.a(lib_a-findfp.o)
                0x0000000008009690                _cleanup_r
 .text.__sfmoreglue
                0x000000000800969c       0x2c d:/program files/stm32cubeide_1.0.2/stm32cubeide/plugins/com.st.stm32cube.ide.mcu.externaltools.gnu-tools-for-stm32.7-2018-q2-update.win32_1.0.0.201904181610/tools/bin/../lib/gcc/arm-none-eabi/7.3.1/../../../../arm-none-eabi/lib/thumb/v7-m\libc_nano.a(lib_a-findfp.o)
                0x000000000800969c                __sfmoreglue
 .text.__sinit  0x00000000080096c8       0x60 d:/program files/stm32cubeide_1.0.2/stm32cubeide/plugins/com.st.stm32cube.ide.mcu.externaltools.gnu-tools-for-stm32.7-2018-q2-update.win32_1.0.0.201904181610/tools/bin/../lib/gcc/arm-none-eabi/7.3.1/../../../../arm-none-eabi/lib/thumb/v7-m\libc_nano.a(lib_a-findfp.o)
                0x00000000080096c8                __sinit
 .text.__sfp    0x0000000008009728       0x78 d:/program files/stm32cubeide_1.0.2/stm32cubeide/plugins/com.st.stm32cube.ide.mcu.externaltools.gnu-tools-for-stm32.7-2018-q2-update.win32_1.0.0.201904181610/tools/bin/../lib/gcc/arm-none-eabi/7.3.1/../../../../arm-none-eabi/lib/thumb/v7-m\libc_nano.a(lib_a-findfp.o)
                0x0000000008009728                __sfp
 .text._fwalk_reent
                0x00000000080097a0       0x3c d:/program files/stm32cubeide_1.0.2/stm32cubeide/plugins/com.st.stm32cube.ide.mcu.externaltools.gnu-tools-for-stm32.7-2018-q2-update.win32_1.0.0.201904181610/tools/bin/../lib/gcc/arm-none-eabi/7.3.1/../../../../arm-none-eabi/lib/thumb/v7-m\libc_nano.a(lib_a-fwalk.o)
                0x00000000080097a0                _fwalk_reent
 .text.malloc   0x00000000080097dc       0x10 d:/program files/stm32cubeide_1.0.2/stm32cubeide/plugins/com.st.stm32cube.ide.mcu.externaltools.gnu-tools-for-stm32.7-2018-q2-update.win32_1.0.0.201904181610/tools/bin/../lib/gcc/arm-none-eabi/7.3.1/../../../../arm-none-eabi/lib/thumb/v7-m\libc_nano.a(lib_a-malloc.o)
                0x00000000080097dc                malloc
 .text._free_r  0x00000000080097ec       0x98 d:/program files/stm32cubeide_1.0.2/stm32cubeide/plugins/com.st.stm32cube.ide.mcu.externaltools.gnu-tools-for-stm32.7-2018-q2-update.win32_1.0.0.201904181610/tools/bin/../lib/gcc/arm-none-eabi/7.3.1/../../../../arm-none-eabi/lib/thumb/v7-m\libc_nano.a(lib_a-nano-freer.o)
                0x00000000080097ec                _free_r
 .text._malloc_r
                0x0000000008009884       0xb4 d:/program files/stm32cubeide_1.0.2/stm32cubeide/plugins/com.st.stm32cube.ide.mcu.externaltools.gnu-tools-for-stm32.7-2018-q2-update.win32_1.0.0.201904181610/tools/bin/../lib/gcc/arm-none-eabi/7.3.1/../../../../arm-none-eabi/lib/thumb/v7-m\libc_nano.a(lib_a-nano-mallocr.o)
                0x0000000008009884                _malloc_r
 .text.__ssputs_r
                0x0000000008009938       0xb4 d:/program files/stm32cubeide_1.0.2/stm32cubeide/plugins/com.st.stm32cube.ide.mcu.externaltools.gnu-tools-for-stm32.7-2018-q2-update.win32_1.0.0.201904181610/tools/bin/../lib/gcc/arm-none-eabi/7.3.1/../../../../arm-none-eabi/lib/thumb/v7-m\libc_nano.a(lib_a-nano-svfprintf.o)
                0x0000000008009938                __ssputs_r
 .text._svfprintf_r
                0x00000000080099ec      0x1f0 d:/program files/stm32cubeide_1.0.2/stm32cubeide/plugins/com.st.stm32cube.ide.mcu.externaltools.gnu-tools-for-stm32.7-2018-q2-update.win32_1.0.0.201904181610/tools/bin/../lib/gcc/arm-none-eabi/7.3.1/../../../../arm-none-eabi/lib/thumb/v7-m\libc_nano.a(lib_a-nano-svfprintf.o)
                0x00000000080099ec                _svfiprintf_r
                0x00000000080099ec                _svfprintf_r
 .text.__sfputc_r
                0x0000000008009bdc       0x2a d:/program files/stm32cubeide_1.0.2/stm32cubeide/plugins/com.st.stm32cube.ide.mcu.externaltools.gnu-tools-for-stm32.7-2018-q2-update.win32_1.0.0.201904181610/tools/bin/../lib/gcc/arm-none-eabi/7.3.1/../../../../arm-none-eabi/lib/thumb/v7-m\libc_nano.a(lib_a-nano-vfprintf.o)
 .text.__sfputs_r
                0x0000000008009c06       0x24 d:/program files/stm32cubeide_1.0.2/stm32cubeide/plugins/com.st.stm32cube.ide.mcu.externaltools.gnu-tools-for-stm32.7-2018-q2-update.win32_1.0.0.201904181610/tools/bin/../lib/gcc/arm-none-eabi/7.3.1/../../../../arm-none-eabi/lib/thumb/v7-m\libc_nano.a(lib_a-nano-vfprintf.o)
                0x0000000008009c06                __sfputs_r
 *fill*         0x0000000008009c2a        0x2 
 .text._vfprintf_r
                0x0000000008009c2c      0x22c d:/program files/stm32cubeide_1.0.2/stm32cubeide/plugins/com.st.stm32cube.ide.mcu.externaltools.gnu-tools-for-stm32.7-2018-q2-update.win32_1.0.0.201904181610/tools/bin/../lib/gcc/arm-none-eabi/7.3.1/../../../../arm-none-eabi/lib/thumb/v7-m\libc_nano.a(lib_a-nano-vfprintf.o)
                0x0000000008009c2c                _vfprintf_r
                0x0000000008009c2c                _vfiprintf_r
 .text._printf_common
                0x0000000008009e58       0xec d:/program files/stm32cubeide_1.0.2/stm32cubeide/plugins/com.st.stm32cube.ide.mcu.externaltools.gnu-tools-for-stm32.7-2018-q2-update.win32_1.0.0.201904181610/tools/bin/../lib/gcc/arm-none-eabi/7.3.1/../../../../arm-none-eabi/lib/thumb/v7-m\libc_nano.a(lib_a-nano-vfprintf_i.o)
                0x0000000008009e58                _printf_common
 .text._printf_i
                0x0000000008009f44      0x224 d:/program files/stm32cubeide_1.0.2/stm32cubeide/plugins/com.st.stm32cube.ide.mcu.externaltools.gnu-tools-for-stm32.7-2018-q2-update.win32_1.0.0.201904181610/tools/bin/../lib/gcc/arm-none-eabi/7.3.1/../../../../arm-none-eabi/lib/thumb/v7-m\libc_nano.a(lib_a-nano-vfprintf_i.o)
                0x0000000008009f44                _printf_i
 .text._sbrk_r  0x000000000800a168       0x20 d:/program files/stm32cubeide_1.0.2/stm32cubeide/plugins/com.st.stm32cube.ide.mcu.externaltools.gnu-tools-for-stm32.7-2018-q2-update.win32_1.0.0.201904181610/tools/bin/../lib/gcc/arm-none-eabi/7.3.1/../../../../arm-none-eabi/lib/thumb/v7-m\libc_nano.a(lib_a-sbrkr.o)
                0x000000000800a168                _sbrk_r
 .text.__sread  0x000000000800a188       0x22 d:/program files/stm32cubeide_1.0.2/stm32cubeide/plugins/com.st.stm32cube.ide.mcu.externaltools.gnu-tools-for-stm32.7-2018-q2-update.win32_1.0.0.201904181610/tools/bin/../lib/gcc/arm-none-eabi/7.3.1/../../../../arm-none-eabi/lib/thumb/v7-m\libc_nano.a(lib_a-stdio.o)
                0x000000000800a188                __sread
 .text.__swrite
                0x000000000800a1aa       0x38 d:/program files/stm32cubeide_1.0.2/stm32cubeide/plugins/com.st.stm32cube.ide.mcu.externaltools.gnu-tools-for-stm32.7-2018-q2-update.win32_1.0.0.201904181610/tools/bin/../lib/gcc/arm-none-eabi/7.3.1/../../../../arm-none-eabi/lib/thumb/v7-m\libc_nano.a(lib_a-stdio.o)
                0x000000000800a1aa                __swrite
 .text.__sseek  0x000000000800a1e2       0x24 d:/program files/stm32cubeide_1.0.2/stm32cubeide/plugins/com.st.stm32cube.ide.mcu.externaltools.gnu-tools-for-stm32.7-2018-q2-update.win32_1.0.0.201904181610/tools/bin/../lib/gcc/arm-none-eabi/7.3.1/../../../../arm-none-eabi/lib/thumb/v7-m\libc_nano.a(lib_a-stdio.o)
                0x000000000800a1e2                __sseek
 .text.__sclose
                0x000000000800a206        0x8 d:/program files/stm32cubeide_1.0.2/stm32cubeide/plugins/com.st.stm32cube.ide.mcu.externaltools.gnu-tools-for-stm32.7-2018-q2-update.win32_1.0.0.201904181610/tools/bin/../lib/gcc/arm-none-eabi/7.3.1/../../../../arm-none-eabi/lib/thumb/v7-m\libc_nano.a(lib_a-stdio.o)
                0x000000000800a206                __sclose
 *fill*         0x000000000800a20e        0x2 
 .text.__swbuf_r
                0x000000000800a210       0xa4 d:/program files/stm32cubeide_1.0.2/stm32cubeide/plugins/com.st.stm32cube.ide.mcu.externaltools.gnu-tools-for-stm32.7-2018-q2-update.win32_1.0.0.201904181610/tools/bin/../lib/gcc/arm-none-eabi/7.3.1/../../../../arm-none-eabi/lib/thumb/v7-m\libc_nano.a(lib_a-wbuf.o)
                0x000000000800a210                __swbuf_r
 .text._write_r
                0x000000000800a2b4       0x24 d:/program files/stm32cubeide_1.0.2/stm32cubeide/plugins/com.st.stm32cube.ide.mcu.externaltools.gnu-tools-for-stm32.7-2018-q2-update.win32_1.0.0.201904181610/tools/bin/../lib/gcc/arm-none-eabi/7.3.1/../../../../arm-none-eabi/lib/thumb/v7-m\libc_nano.a(lib_a-writer.o)
                0x000000000800a2b4                _write_r
 .text.__swsetup_r
                0x000000000800a2d8       0xdc d:/program files/stm32cubeide_1.0.2/stm32cubeide/plugins/com.st.stm32cube.ide.mcu.externaltools.gnu-tools-for-stm32.7-2018-q2-update.win32_1.0.0.201904181610/tools/bin/../lib/gcc/arm-none-eabi/7.3.1/../../../../arm-none-eabi/lib/thumb/v7-m\libc_nano.a(lib_a-wsetup.o)
                0x000000000800a2d8                __swsetup_r
 .text._close_r
                0x000000000800a3b4       0x20 d:/program files/stm32cubeide_1.0.2/stm32cubeide/plugins/com.st.stm32cube.ide.mcu.externaltools.gnu-tools-for-stm32.7-2018-q2-update.win32_1.0.0.201904181610/tools/bin/../lib/gcc/arm-none-eabi/7.3.1/../../../../arm-none-eabi/lib/thumb/v7-m\libc_nano.a(lib_a-closer.o)
                0x000000000800a3b4                _close_r
 .text.__sflush_r
                0x000000000800a3d4      0x10c d:/program files/stm32cubeide_1.0.2/stm32cubeide/plugins/com.st.stm32cube.ide.mcu.externaltools.gnu-tools-for-stm32.7-2018-q2-update.win32_1.0.0.201904181610/tools/bin/../lib/gcc/arm-none-eabi/7.3.1/../../../../arm-none-eabi/lib/thumb/v7-m\libc_nano.a(lib_a-fflush.o)
                0x000000000800a3d4                __sflush_r
 .text._fflush_r
                0x000000000800a4e0       0x54 d:/program files/stm32cubeide_1.0.2/stm32cubeide/plugins/com.st.stm32cube.ide.mcu.externaltools.gnu-tools-for-stm32.7-2018-q2-update.win32_1.0.0.201904181610/tools/bin/../lib/gcc/arm-none-eabi/7.3.1/../../../../arm-none-eabi/lib/thumb/v7-m\libc_nano.a(lib_a-fflush.o)
                0x000000000800a4e0                _fflush_r
 .text._lseek_r
                0x000000000800a534       0x24 d:/program files/stm32cubeide_1.0.2/stm32cubeide/plugins/com.st.stm32cube.ide.mcu.externaltools.gnu-tools-for-stm32.7-2018-q2-update.win32_1.0.0.201904181610/tools/bin/../lib/gcc/arm-none-eabi/7.3.1/../../../../arm-none-eabi/lib/thumb/v7-m\libc_nano.a(lib_a-lseekr.o)
                0x000000000800a534                _lseek_r
 .text.__swhatbuf_r
                0x000000000800a558       0x48 d:/program files/stm32cubeide_1.0.2/stm32cubeide/plugins/com.st.stm32cube.ide.mcu.externaltools.gnu-tools-for-stm32.7-2018-q2-update.win32_1.0.0.201904181610/tools/bin/../lib/gcc/arm-none-eabi/7.3.1/../../../../arm-none-eabi/lib/thumb/v7-m\libc_nano.a(lib_a-makebuf.o)
                0x000000000800a558                __swhatbuf_r
 .text.__smakebuf_r
                0x000000000800a5a0       0x80 d:/program files/stm32cubeide_1.0.2/stm32cubeide/plugins/com.st.stm32cube.ide.mcu.externaltools.gnu-tools-for-stm32.7-2018-q2-update.win32_1.0.0.201904181610/tools/bin/../lib/gcc/arm-none-eabi/7.3.1/../../../../arm-none-eabi/lib/thumb/v7-m\libc_nano.a(lib_a-makebuf.o)
                0x000000000800a5a0                __smakebuf_r
 .text.memchr   0x000000000800a620       0x1c d:/program files/stm32cubeide_1.0.2/stm32cubeide/plugins/com.st.stm32cube.ide.mcu.externaltools.gnu-tools-for-stm32.7-2018-q2-update.win32_1.0.0.201904181610/tools/bin/../lib/gcc/arm-none-eabi/7.3.1/../../../../arm-none-eabi/lib/thumb/v7-m\libc_nano.a(lib_a-memchr-stub.o)
                0x000000000800a620                memchr
 .text.memcpy   0x000000000800a63c       0x16 d:/program files/stm32cubeide_1.0.2/stm32cubeide/plugins/com.st.stm32cube.ide.mcu.externaltools.gnu-tools-for-stm32.7-2018-q2-update.win32_1.0.0.201904181610/tools/bin/../lib/gcc/arm-none-eabi/7.3.1/../../../../arm-none-eabi/lib/thumb/v7-m\libc_nano.a(lib_a-memcpy-stub.o)
                0x000000000800a63c                memcpy
 .text.memmove  0x000000000800a652       0x32 d:/program files/stm32cubeide_1.0.2/stm32cubeide/plugins/com.st.stm32cube.ide.mcu.externaltools.gnu-tools-for-stm32.7-2018-q2-update.win32_1.0.0.201904181610/tools/bin/../lib/gcc/arm-none-eabi/7.3.1/../../../../arm-none-eabi/lib/thumb/v7-m\libc_nano.a(lib_a-memmove.o)
                0x000000000800a652                memmove
 .text.__malloc_lock
                0x000000000800a684        0x2 d:/program files/stm32cubeide_1.0.2/stm32cubeide/plugins/com.st.stm32cube.ide.mcu.externaltools.gnu-tools-for-stm32.7-2018-q2-update.win32_1.0.0.201904181610/tools/bin/../lib/gcc/arm-none-eabi/7.3.1/../../../../arm-none-eabi/lib/thumb/v7-m\libc_nano.a(lib_a-mlock.o)
                0x000000000800a684                __malloc_lock
 .text.__malloc_unlock
                0x000000000800a686        0x2 d:/program files/stm32cubeide_1.0.2/stm32cubeide/plugins/com.st.stm32cube.ide.mcu.externaltools.gnu-tools-for-stm32.7-2018-q2-update.win32_1.0.0.201904181610/tools/bin/../lib/gcc/arm-none-eabi/7.3.1/../../../../arm-none-eabi/lib/thumb/v7-m\libc_nano.a(lib_a-mlock.o)
                0x000000000800a686                __malloc_unlock
 .text._realloc_r
                0x000000000800a688       0x4c d:/program files/stm32cubeide_1.0.2/stm32cubeide/plugins/com.st.stm32cube.ide.mcu.externaltools.gnu-tools-for-stm32.7-2018-q2-update.win32_1.0.0.201904181610/tools/bin/../lib/gcc/arm-none-eabi/7.3.1/../../../../arm-none-eabi/lib/thumb/v7-m\libc_nano.a(lib_a-nano-reallocr.o)
                0x000000000800a688                _realloc_r
 .text._read_r  0x000000000800a6d4       0x24 d:/program files/stm32cubeide_1.0.2/stm32cubeide/plugins/com.st.stm32cube.ide.mcu.externaltools.gnu-tools-for-stm32.7-2018-q2-update.win32_1.0.0.201904181610/tools/bin/../lib/gcc/arm-none-eabi/7.3.1/../../../../arm-none-eabi/lib/thumb/v7-m\libc_nano.a(lib_a-readr.o)
                0x000000000800a6d4                _read_r
 .text._fstat_r
                0x000000000800a6f8       0x24 d:/program files/stm32cubeide_1.0.2/stm32cubeide/plugins/com.st.stm32cube.ide.mcu.externaltools.gnu-tools-for-stm32.7-2018-q2-update.win32_1.0.0.201904181610/tools/bin/../lib/gcc/arm-none-eabi/7.3.1/../../../../arm-none-eabi/lib/thumb/v7-m\libc_nano.a(lib_a-fstatr.o)
                0x000000000800a6f8                _fstat_r
 .text._isatty_r
                0x000000000800a71c       0x20 d:/program files/stm32cubeide_1.0.2/stm32cubeide/plugins/com.st.stm32cube.ide.mcu.externaltools.gnu-tools-for-stm32.7-2018-q2-update.win32_1.0.0.201904181610/tools/bin/../lib/gcc/arm-none-eabi/7.3.1/../../../../arm-none-eabi/lib/thumb/v7-m\libc_nano.a(lib_a-isattyr.o)
                0x000000000800a71c                _isatty_r
 .text._malloc_usable_size_r
                0x000000000800a73c       0x10 d:/program files/stm32cubeide_1.0.2/stm32cubeide/plugins/com.st.stm32cube.ide.mcu.externaltools.gnu-tools-for-stm32.7-2018-q2-update.win32_1.0.0.201904181610/tools/bin/../lib/gcc/arm-none-eabi/7.3.1/../../../../arm-none-eabi/lib/thumb/v7-m\libc_nano.a(lib_a-nano-msizer.o)
                0x000000000800a73c                _malloc_usable_size_r
 *(.glue_7)
 .glue_7        0x000000000800a74c        0x0 linker stubs
 *(.glue_7t)
 .glue_7t       0x000000000800a74c        0x0 linker stubs
 *(.eh_frame)
 .eh_frame      0x000000000800a74c        0x0 d:/program files/stm32cubeide_1.0.2/stm32cubeide/plugins/com.st.stm32cube.ide.mcu.externaltools.gnu-tools-for-stm32.7-2018-q2-update.win32_1.0.0.201904181610/tools/bin/../lib/gcc/arm-none-eabi/7.3.1/thumb/v7-m/crtbegin.o
 *(.init)
 .init          0x000000000800a74c        0x4 d:/program files/stm32cubeide_1.0.2/stm32cubeide/plugins/com.st.stm32cube.ide.mcu.externaltools.gnu-tools-for-stm32.7-2018-q2-update.win32_1.0.0.201904181610/tools/bin/../lib/gcc/arm-none-eabi/7.3.1/thumb/v7-m/crti.o
                0x000000000800a74c                _init
 .init          0x000000000800a750        0x8 d:/program files/stm32cubeide_1.0.2/stm32cubeide/plugins/com.st.stm32cube.ide.mcu.externaltools.gnu-tools-for-stm32.7-2018-q2-update.win32_1.0.0.201904181610/tools/bin/../lib/gcc/arm-none-eabi/7.3.1/thumb/v7-m/crtn.o
 *(.fini)
 .fini          0x000000000800a758        0x4 d:/program files/stm32cubeide_1.0.2/stm32cubeide/plugins/com.st.stm32cube.ide.mcu.externaltools.gnu-tools-for-stm32.7-2018-q2-update.win32_1.0.0.201904181610/tools/bin/../lib/gcc/arm-none-eabi/7.3.1/thumb/v7-m/crti.o
                0x000000000800a758                _fini
 .fini          0x000000000800a75c        0x8 d:/program files/stm32cubeide_1.0.2/stm32cubeide/plugins/com.st.stm32cube.ide.mcu.externaltools.gnu-tools-for-stm32.7-2018-q2-update.win32_1.0.0.201904181610/tools/bin/../lib/gcc/arm-none-eabi/7.3.1/thumb/v7-m/crtn.o
                0x000000000800a764                . = ALIGN (0x4)
                0x000000000800a764                _etext = .

.vfp11_veneer   0x000000000800a764        0x0
 .vfp11_veneer  0x000000000800a764        0x0 linker stubs

.v4_bx          0x000000000800a764        0x0
 .v4_bx         0x000000000800a764        0x0 linker stubs

.iplt           0x000000000800a764        0x0
 .iplt          0x000000000800a764        0x0 d:/program files/stm32cubeide_1.0.2/stm32cubeide/plugins/com.st.stm32cube.ide.mcu.externaltools.gnu-tools-for-stm32.7-2018-q2-update.win32_1.0.0.201904181610/tools/bin/../lib/gcc/arm-none-eabi/7.3.1/thumb/v7-m/crtbegin.o

.rodata         0x000000000800a764    0x271ac
                0x000000000800a764                . = ALIGN (0x4)
 *(.rodata)
 .rodata        0x000000000800a764       0x12 Drivers/STM32F1xx_HAL_Driver/Src/stm32f1xx_hal_rcc.o
 *fill*         0x000000000800a776        0x2 
 .rodata        0x000000000800a778      0x12f Src/ui.o
 *(.rodata*)
 *fill*         0x000000000800a8a7        0x1 
 .rodata.tetris_bmp
                0x000000000800a8a8    0x25800 Src/bmp_background.o
                0x000000000800a8a8                tetris_bmp
 .rodata.asc2_1206
                0x00000000080300a8      0x474 Src/lcd.o
                0x00000000080300a8                asc2_1206
 .rodata.asc2_1608
                0x000000000803051c      0x5f0 Src/lcd.o
                0x000000000803051c                asc2_1608
 .rodata.asc2_2412
                0x0000000008030b0c      0xd5c Src/lcd.o
                0x0000000008030b0c                asc2_2412
 .rodata.AHBPrescTable
                0x0000000008031868       0x10 Src/system_stm32f1xx.o
                0x0000000008031868                AHBPrescTable
 .rodata._global_impure_ptr
                0x0000000008031878        0x4 d:/program files/stm32cubeide_1.0.2/stm32cubeide/plugins/com.st.stm32cube.ide.mcu.externaltools.gnu-tools-for-stm32.7-2018-q2-update.win32_1.0.0.201904181610/tools/bin/../lib/gcc/arm-none-eabi/7.3.1/../../../../arm-none-eabi/lib/thumb/v7-m\libc_nano.a(lib_a-impure.o)
                0x0000000008031878                _global_impure_ptr
 .rodata.__sf_fake_stderr
                0x000000000803187c       0x20 d:/program files/stm32cubeide_1.0.2/stm32cubeide/plugins/com.st.stm32cube.ide.mcu.externaltools.gnu-tools-for-stm32.7-2018-q2-update.win32_1.0.0.201904181610/tools/bin/../lib/gcc/arm-none-eabi/7.3.1/../../../../arm-none-eabi/lib/thumb/v7-m\libc_nano.a(lib_a-findfp.o)
                0x000000000803187c                __sf_fake_stderr
 .rodata.__sf_fake_stdin
                0x000000000803189c       0x20 d:/program files/stm32cubeide_1.0.2/stm32cubeide/plugins/com.st.stm32cube.ide.mcu.externaltools.gnu-tools-for-stm32.7-2018-q2-update.win32_1.0.0.201904181610/tools/bin/../lib/gcc/arm-none-eabi/7.3.1/../../../../arm-none-eabi/lib/thumb/v7-m\libc_nano.a(lib_a-findfp.o)
                0x000000000803189c                __sf_fake_stdin
 .rodata.__sf_fake_stdout
                0x00000000080318bc       0x20 d:/program files/stm32cubeide_1.0.2/stm32cubeide/plugins/com.st.stm32cube.ide.mcu.externaltools.gnu-tools-for-stm32.7-2018-q2-update.win32_1.0.0.201904181610/tools/bin/../lib/gcc/arm-none-eabi/7.3.1/../../../../arm-none-eabi/lib/thumb/v7-m\libc_nano.a(lib_a-findfp.o)
                0x00000000080318bc                __sf_fake_stdout
 .rodata._svfprintf_r.str1.1
                0x00000000080318dc       0x11 d:/program files/stm32cubeide_1.0.2/stm32cubeide/plugins/com.st.stm32cube.ide.mcu.externaltools.gnu-tools-for-stm32.7-2018-q2-update.win32_1.0.0.201904181610/tools/bin/../lib/gcc/arm-none-eabi/7.3.1/../../../../arm-none-eabi/lib/thumb/v7-m\libc_nano.a(lib_a-nano-svfprintf.o)
 .rodata._vfprintf_r.str1.1
                0x00000000080318ed       0x11 d:/program files/stm32cubeide_1.0.2/stm32cubeide/plugins/com.st.stm32cube.ide.mcu.externaltools.gnu-tools-for-stm32.7-2018-q2-update.win32_1.0.0.201904181610/tools/bin/../lib/gcc/arm-none-eabi/7.3.1/../../../../arm-none-eabi/lib/thumb/v7-m\libc_nano.a(lib_a-nano-vfprintf.o)
 .rodata._printf_i.str1.1
                0x00000000080318ed       0x22 d:/program files/stm32cubeide_1.0.2/stm32cubeide/plugins/com.st.stm32cube.ide.mcu.externaltools.gnu-tools-for-stm32.7-2018-q2-update.win32_1.0.0.201904181610/tools/bin/../lib/gcc/arm-none-eabi/7.3.1/../../../../arm-none-eabi/lib/thumb/v7-m\libc_nano.a(lib_a-nano-vfprintf_i.o)
                0x0000000008031910                . = ALIGN (0x4)
 *fill*         0x000000000803190f        0x1 

.rel.dyn        0x0000000008031910        0x0
 .rel.iplt      0x0000000008031910        0x0 d:/program files/stm32cubeide_1.0.2/stm32cubeide/plugins/com.st.stm32cube.ide.mcu.externaltools.gnu-tools-for-stm32.7-2018-q2-update.win32_1.0.0.201904181610/tools/bin/../lib/gcc/arm-none-eabi/7.3.1/thumb/v7-m/crtbegin.o

.ARM.extab      0x0000000008031910        0x0
                0x0000000008031910                . = ALIGN (0x4)
 *(.ARM.extab* .gnu.linkonce.armextab.*)
                0x0000000008031910                . = ALIGN (0x4)

.ARM            0x0000000008031910        0x0
                0x0000000008031910                . = ALIGN (0x4)
                0x0000000008031910                __exidx_start = .
 *(.ARM.exidx*)
                0x0000000008031910                __exidx_end = .
                0x0000000008031910                . = ALIGN (0x4)

.preinit_array  0x0000000008031910        0x0
                0x0000000008031910                . = ALIGN (0x4)
                0x0000000008031910                PROVIDE (__preinit_array_start = .)
 *(.preinit_array*)
                0x0000000008031910                PROVIDE (__preinit_array_end = .)
                0x0000000008031910                . = ALIGN (0x4)

.init_array     0x0000000008031910        0x4
                0x0000000008031910                . = ALIGN (0x4)
                0x0000000008031910                PROVIDE (__init_array_start = .)
 *(SORT_BY_NAME(.init_array.*))
 *(.init_array*)
 .init_array    0x0000000008031910        0x4 d:/program files/stm32cubeide_1.0.2/stm32cubeide/plugins/com.st.stm32cube.ide.mcu.externaltools.gnu-tools-for-stm32.7-2018-q2-update.win32_1.0.0.201904181610/tools/bin/../lib/gcc/arm-none-eabi/7.3.1/thumb/v7-m/crtbegin.o
                0x0000000008031914                PROVIDE (__init_array_end = .)
                0x0000000008031914                . = ALIGN (0x4)

.fini_array     0x0000000008031914        0x4
                0x0000000008031914                . = ALIGN (0x4)
                [!provide]                        PROVIDE (__fini_array_start = .)
 *(SORT_BY_NAME(.fini_array.*))
 *(.fini_array*)
 .fini_array    0x0000000008031914        0x4 d:/program files/stm32cubeide_1.0.2/stm32cubeide/plugins/com.st.stm32cube.ide.mcu.externaltools.gnu-tools-for-stm32.7-2018-q2-update.win32_1.0.0.201904181610/tools/bin/../lib/gcc/arm-none-eabi/7.3.1/thumb/v7-m/crtbegin.o
                [!provide]                        PROVIDE (__fini_array_end = .)
                0x0000000008031918                . = ALIGN (0x4)
                0x0000000008031918                _sidata = LOADADDR (.data)

.data           0x0000000020000000       0x70 load address 0x0000000008031918
                0x0000000020000000                . = ALIGN (0x4)
                0x0000000020000000                _sdata = .
 *(.data)
 *(.data*)
 .data.uwTickPrio
                0x0000000020000000        0x4 Drivers/STM32F1xx_HAL_Driver/Src/stm32f1xx_hal.o
                0x0000000020000000                uwTickPrio
 .data.uwTickFreq
                0x0000000020000004        0x1 Drivers/STM32F1xx_HAL_Driver/Src/stm32f1xx_hal.o
                0x0000000020000004                uwTickFreq
 *fill*         0x0000000020000005        0x1 
 .data.BACK_COLOR
                0x0000000020000006        0x2 Src/lcd.o
                0x0000000020000006                BACK_COLOR
 .data.SystemCoreClock
                0x0000000020000008        0x4 Src/system_stm32f1xx.o
                0x0000000020000008                SystemCoreClock
 .data._impure_ptr
                0x000000002000000c        0x4 d:/program files/stm32cubeide_1.0.2/stm32cubeide/plugins/com.st.stm32cube.ide.mcu.externaltools.gnu-tools-for-stm32.7-2018-q2-update.win32_1.0.0.201904181610/tools/bin/../lib/gcc/arm-none-eabi/7.3.1/../../../../arm-none-eabi/lib/thumb/v7-m\libc_nano.a(lib_a-impure.o)
                0x000000002000000c                _impure_ptr
 .data.impure_data
                0x0000000020000010       0x60 d:/program files/stm32cubeide_1.0.2/stm32cubeide/plugins/com.st.stm32cube.ide.mcu.externaltools.gnu-tools-for-stm32.7-2018-q2-update.win32_1.0.0.201904181610/tools/bin/../lib/gcc/arm-none-eabi/7.3.1/../../../../arm-none-eabi/lib/thumb/v7-m\libc_nano.a(lib_a-impure.o)
                0x0000000020000070                . = ALIGN (0x4)
                0x0000000020000070                _edata = .

.igot.plt       0x0000000020000070        0x0 load address 0x0000000008031988
 .igot.plt      0x0000000020000070        0x0 d:/program files/stm32cubeide_1.0.2/stm32cubeide/plugins/com.st.stm32cube.ide.mcu.externaltools.gnu-tools-for-stm32.7-2018-q2-update.win32_1.0.0.201904181610/tools/bin/../lib/gcc/arm-none-eabi/7.3.1/thumb/v7-m/crtbegin.o
                0x0000000020000070                . = ALIGN (0x4)

.bss            0x0000000020000070      0x770 load address 0x0000000008031988
                0x0000000020000070                _sbss = .
                0x0000000020000070                __bss_start__ = _sbss
 *(.bss)
 .bss           0x0000000020000070       0x1c d:/program files/stm32cubeide_1.0.2/stm32cubeide/plugins/com.st.stm32cube.ide.mcu.externaltools.gnu-tools-for-stm32.7-2018-q2-update.win32_1.0.0.201904181610/tools/bin/../lib/gcc/arm-none-eabi/7.3.1/thumb/v7-m/crtbegin.o
 *(.bss*)
 .bss.fall_task_stamp
                0x000000002000008c        0x4 Src/game.o
                0x000000002000008c                fall_task_stamp
 .bss.POINT_COLOR
                0x0000000020000090        0x2 Src/lcd.o
                0x0000000020000090                POINT_COLOR
 *fill*         0x0000000020000092        0x2 
 .bss.heap_end.5149
                0x0000000020000094        0x4 Src/sysmem.o
 .bss.pattern   0x0000000020000098        0x1 Src/ui.o
                0x0000000020000098                pattern
 *fill*         0x0000000020000099        0x3 
 .bss.__malloc_free_list
                0x000000002000009c        0x4 d:/program files/stm32cubeide_1.0.2/stm32cubeide/plugins/com.st.stm32cube.ide.mcu.externaltools.gnu-tools-for-stm32.7-2018-q2-update.win32_1.0.0.201904181610/tools/bin/../lib/gcc/arm-none-eabi/7.3.1/../../../../arm-none-eabi/lib/thumb/v7-m\libc_nano.a(lib_a-nano-mallocr.o)
                0x000000002000009c                __malloc_free_list
 .bss.__malloc_sbrk_start
                0x00000000200000a0        0x4 d:/program files/stm32cubeide_1.0.2/stm32cubeide/plugins/com.st.stm32cube.ide.mcu.externaltools.gnu-tools-for-stm32.7-2018-q2-update.win32_1.0.0.201904181610/tools/bin/../lib/gcc/arm-none-eabi/7.3.1/../../../../arm-none-eabi/lib/thumb/v7-m\libc_nano.a(lib_a-nano-mallocr.o)
                0x00000000200000a0                __malloc_sbrk_start
 *(COMMON)
 COMMON         0x00000000200000a4        0x4 Drivers/STM32F1xx_HAL_Driver/Src/stm32f1xx_hal.o
                0x00000000200000a4                uwTick
 COMMON         0x00000000200000a8      0x3a8 Src/block.o
                0x00000000200000a8                shape_list
                0x0000000020000444                block
                0x0000000020000448                block_next2
                0x000000002000044c                block_next1
 COMMON         0x0000000020000450       0x14 Src/button.o
                0x0000000020000450                button_update_interval
                0x0000000020000454                button_state_buffer
                0x0000000020000460                button_task_stamp
 COMMON         0x0000000020000464        0x8 Src/game.o
                0x0000000020000464                score
                0x0000000020000468                fall_down_interval
 COMMON         0x000000002000046c      0x360 Src/grid.o
                0x000000002000046c                grid
                0x000000002000078c                sub_grid
 COMMON         0x00000000200007cc        0xe Src/lcd.o
                0x00000000200007cc                lcddev
 *fill*         0x00000000200007da        0x2 
 COMMON         0x00000000200007dc        0x4 d:/program files/stm32cubeide_1.0.2/stm32cubeide/plugins/com.st.stm32cube.ide.mcu.externaltools.gnu-tools-for-stm32.7-2018-q2-update.win32_1.0.0.201904181610/tools/bin/../lib/gcc/arm-none-eabi/7.3.1/../../../../arm-none-eabi/lib/thumb/v7-m\libc_nano.a(lib_a-reent.o)
                0x00000000200007dc                errno
                0x00000000200007e0                . = ALIGN (0x4)
                0x00000000200007e0                _ebss = .
                0x00000000200007e0                __bss_end__ = _ebss

._user_heap_stack
                0x00000000200007e0      0x600 load address 0x0000000008031988
                0x00000000200007e0                . = ALIGN (0x8)
                0x00000000200007e0                PROVIDE (end = .)
                [!provide]                        PROVIDE (_end = .)
                0x00000000200009e0                . = (. + _Min_Heap_Size)
 *fill*         0x00000000200007e0      0x200 
                0x0000000020000de0                . = (. + _Min_Stack_Size)
 *fill*         0x00000000200009e0      0x400 
                0x0000000020000de0                . = ALIGN (0x8)

/DISCARD/
 libc.a(*)
 libm.a(*)
 libgcc.a(*)

.ARM.attributes
                0x0000000000000000       0x29
 *(.ARM.attributes)
 .ARM.attributes
                0x0000000000000000       0x1d d:/program files/stm32cubeide_1.0.2/stm32cubeide/plugins/com.st.stm32cube.ide.mcu.externaltools.gnu-tools-for-stm32.7-2018-q2-update.win32_1.0.0.201904181610/tools/bin/../lib/gcc/arm-none-eabi/7.3.1/thumb/v7-m/crti.o
 .ARM.attributes
                0x000000000000001d       0x2d d:/program files/stm32cubeide_1.0.2/stm32cubeide/plugins/com.st.stm32cube.ide.mcu.externaltools.gnu-tools-for-stm32.7-2018-q2-update.win32_1.0.0.201904181610/tools/bin/../lib/gcc/arm-none-eabi/7.3.1/thumb/v7-m/crtbegin.o
 .ARM.attributes
                0x000000000000004a       0x33 Drivers/STM32F1xx_HAL_Driver/Src/stm32f1xx_hal.o
 .ARM.attributes
                0x000000000000007d       0x33 Drivers/STM32F1xx_HAL_Driver/Src/stm32f1xx_hal_cortex.o
 .ARM.attributes
                0x00000000000000b0       0x33 Drivers/STM32F1xx_HAL_Driver/Src/stm32f1xx_hal_gpio.o
 .ARM.attributes
                0x00000000000000e3       0x33 Drivers/STM32F1xx_HAL_Driver/Src/stm32f1xx_hal_rcc.o
 .ARM.attributes
                0x0000000000000116       0x33 Src/block.o
 .ARM.attributes
                0x0000000000000149       0x33 Src/bmp_background.o
 .ARM.attributes
                0x000000000000017c       0x33 Src/button.o
 .ARM.attributes
                0x00000000000001af       0x33 Src/game.o
 .ARM.attributes
                0x00000000000001e2       0x33 Src/grid.o
 .ARM.attributes
                0x0000000000000215       0x33 Src/lcd.o
 .ARM.attributes
                0x0000000000000248       0x33 Src/main.o
 .ARM.attributes
                0x000000000000027b       0x33 Src/stm32f1xx_hal_msp.o
 .ARM.attributes
                0x00000000000002ae       0x33 Src/stm32f1xx_it.o
 .ARM.attributes
                0x00000000000002e1       0x33 Src/syscalls.o
 .ARM.attributes
                0x0000000000000314       0x33 Src/sysmem.o
 .ARM.attributes
                0x0000000000000347       0x33 Src/system_stm32f1xx.o
 .ARM.attributes
                0x000000000000037a       0x33 Src/ui.o
 .ARM.attributes
                0x00000000000003ad       0x21 Startup/startup_stm32f103rctx.o
 .ARM.attributes
                0x00000000000003ce       0x2d d:/program files/stm32cubeide_1.0.2/stm32cubeide/plugins/com.st.stm32cube.ide.mcu.externaltools.gnu-tools-for-stm32.7-2018-q2-update.win32_1.0.0.201904181610/tools/bin/../lib/gcc/arm-none-eabi/7.3.1/../../../../arm-none-eabi/lib/thumb/v7-m\libc_nano.a(lib_a-errno.o)
 .ARM.attributes
                0x00000000000003fb       0x2d d:/program files/stm32cubeide_1.0.2/stm32cubeide/plugins/com.st.stm32cube.ide.mcu.externaltools.gnu-tools-for-stm32.7-2018-q2-update.win32_1.0.0.201904181610/tools/bin/../lib/gcc/arm-none-eabi/7.3.1/../../../../arm-none-eabi/lib/thumb/v7-m\libc_nano.a(lib_a-impure.o)
 .ARM.attributes
                0x0000000000000428       0x2d d:/program files/stm32cubeide_1.0.2/stm32cubeide/plugins/com.st.stm32cube.ide.mcu.externaltools.gnu-tools-for-stm32.7-2018-q2-update.win32_1.0.0.201904181610/tools/bin/../lib/gcc/arm-none-eabi/7.3.1/../../../../arm-none-eabi/lib/thumb/v7-m\libc_nano.a(lib_a-init.o)
 .ARM.attributes
                0x0000000000000455       0x2d d:/program files/stm32cubeide_1.0.2/stm32cubeide/plugins/com.st.stm32cube.ide.mcu.externaltools.gnu-tools-for-stm32.7-2018-q2-update.win32_1.0.0.201904181610/tools/bin/../lib/gcc/arm-none-eabi/7.3.1/../../../../arm-none-eabi/lib/thumb/v7-m\libc_nano.a(lib_a-memset.o)
 .ARM.attributes
                0x0000000000000482       0x2d d:/program files/stm32cubeide_1.0.2/stm32cubeide/plugins/com.st.stm32cube.ide.mcu.externaltools.gnu-tools-for-stm32.7-2018-q2-update.win32_1.0.0.201904181610/tools/bin/../lib/gcc/arm-none-eabi/7.3.1/../../../../arm-none-eabi/lib/thumb/v7-m\libc_nano.a(lib_a-printf.o)
 .ARM.attributes
                0x00000000000004af       0x2d d:/program files/stm32cubeide_1.0.2/stm32cubeide/plugins/com.st.stm32cube.ide.mcu.externaltools.gnu-tools-for-stm32.7-2018-q2-update.win32_1.0.0.201904181610/tools/bin/../lib/gcc/arm-none-eabi/7.3.1/../../../../arm-none-eabi/lib/thumb/v7-m\libc_nano.a(lib_a-rand.o)
 .ARM.attributes
                0x00000000000004dc       0x2d d:/program files/stm32cubeide_1.0.2/stm32cubeide/plugins/com.st.stm32cube.ide.mcu.externaltools.gnu-tools-for-stm32.7-2018-q2-update.win32_1.0.0.201904181610/tools/bin/../lib/gcc/arm-none-eabi/7.3.1/../../../../arm-none-eabi/lib/thumb/v7-m\libc_nano.a(lib_a-sprintf.o)
 .ARM.attributes
                0x0000000000000509       0x2d d:/program files/stm32cubeide_1.0.2/stm32cubeide/plugins/com.st.stm32cube.ide.mcu.externaltools.gnu-tools-for-stm32.7-2018-q2-update.win32_1.0.0.201904181610/tools/bin/../lib/gcc/arm-none-eabi/7.3.1/../../../../arm-none-eabi/lib/thumb/v7-m\libc_nano.a(lib_a-findfp.o)
 .ARM.attributes
                0x0000000000000536       0x2d d:/program files/stm32cubeide_1.0.2/stm32cubeide/plugins/com.st.stm32cube.ide.mcu.externaltools.gnu-tools-for-stm32.7-2018-q2-update.win32_1.0.0.201904181610/tools/bin/../lib/gcc/arm-none-eabi/7.3.1/../../../../arm-none-eabi/lib/thumb/v7-m\libc_nano.a(lib_a-fwalk.o)
 .ARM.attributes
                0x0000000000000563       0x2d d:/program files/stm32cubeide_1.0.2/stm32cubeide/plugins/com.st.stm32cube.ide.mcu.externaltools.gnu-tools-for-stm32.7-2018-q2-update.win32_1.0.0.201904181610/tools/bin/../lib/gcc/arm-none-eabi/7.3.1/../../../../arm-none-eabi/lib/thumb/v7-m\libc_nano.a(lib_a-malloc.o)
 .ARM.attributes
                0x0000000000000590       0x2d d:/program files/stm32cubeide_1.0.2/stm32cubeide/plugins/com.st.stm32cube.ide.mcu.externaltools.gnu-tools-for-stm32.7-2018-q2-update.win32_1.0.0.201904181610/tools/bin/../lib/gcc/arm-none-eabi/7.3.1/../../../../arm-none-eabi/lib/thumb/v7-m\libc_nano.a(lib_a-nano-freer.o)
 .ARM.attributes
                0x00000000000005bd       0x2d d:/program files/stm32cubeide_1.0.2/stm32cubeide/plugins/com.st.stm32cube.ide.mcu.externaltools.gnu-tools-for-stm32.7-2018-q2-update.win32_1.0.0.201904181610/tools/bin/../lib/gcc/arm-none-eabi/7.3.1/../../../../arm-none-eabi/lib/thumb/v7-m\libc_nano.a(lib_a-nano-mallocr.o)
 .ARM.attributes
                0x00000000000005ea       0x2d d:/program files/stm32cubeide_1.0.2/stm32cubeide/plugins/com.st.stm32cube.ide.mcu.externaltools.gnu-tools-for-stm32.7-2018-q2-update.win32_1.0.0.201904181610/tools/bin/../lib/gcc/arm-none-eabi/7.3.1/../../../../arm-none-eabi/lib/thumb/v7-m\libc_nano.a(lib_a-nano-svfprintf.o)
 .ARM.attributes
                0x0000000000000617       0x2d d:/program files/stm32cubeide_1.0.2/stm32cubeide/plugins/com.st.stm32cube.ide.mcu.externaltools.gnu-tools-for-stm32.7-2018-q2-update.win32_1.0.0.201904181610/tools/bin/../lib/gcc/arm-none-eabi/7.3.1/../../../../arm-none-eabi/lib/thumb/v7-m\libc_nano.a(lib_a-nano-vfprintf.o)
 .ARM.attributes
                0x0000000000000644       0x2d d:/program files/stm32cubeide_1.0.2/stm32cubeide/plugins/com.st.stm32cube.ide.mcu.externaltools.gnu-tools-for-stm32.7-2018-q2-update.win32_1.0.0.201904181610/tools/bin/../lib/gcc/arm-none-eabi/7.3.1/../../../../arm-none-eabi/lib/thumb/v7-m\libc_nano.a(lib_a-nano-vfprintf_i.o)
 .ARM.attributes
                0x0000000000000671       0x2d d:/program files/stm32cubeide_1.0.2/stm32cubeide/plugins/com.st.stm32cube.ide.mcu.externaltools.gnu-tools-for-stm32.7-2018-q2-update.win32_1.0.0.201904181610/tools/bin/../lib/gcc/arm-none-eabi/7.3.1/../../../../arm-none-eabi/lib/thumb/v7-m\libc_nano.a(lib_a-sbrkr.o)
 .ARM.attributes
                0x000000000000069e       0x2d d:/program files/stm32cubeide_1.0.2/stm32cubeide/plugins/com.st.stm32cube.ide.mcu.externaltools.gnu-tools-for-stm32.7-2018-q2-update.win32_1.0.0.201904181610/tools/bin/../lib/gcc/arm-none-eabi/7.3.1/../../../../arm-none-eabi/lib/thumb/v7-m\libc_nano.a(lib_a-stdio.o)
 .ARM.attributes
                0x00000000000006cb       0x2d d:/program files/stm32cubeide_1.0.2/stm32cubeide/plugins/com.st.stm32cube.ide.mcu.externaltools.gnu-tools-for-stm32.7-2018-q2-update.win32_1.0.0.201904181610/tools/bin/../lib/gcc/arm-none-eabi/7.3.1/../../../../arm-none-eabi/lib/thumb/v7-m\libc_nano.a(lib_a-wbuf.o)
 .ARM.attributes
                0x00000000000006f8       0x2d d:/program files/stm32cubeide_1.0.2/stm32cubeide/plugins/com.st.stm32cube.ide.mcu.externaltools.gnu-tools-for-stm32.7-2018-q2-update.win32_1.0.0.201904181610/tools/bin/../lib/gcc/arm-none-eabi/7.3.1/../../../../arm-none-eabi/lib/thumb/v7-m\libc_nano.a(lib_a-writer.o)
 .ARM.attributes
                0x0000000000000725       0x2d d:/program files/stm32cubeide_1.0.2/stm32cubeide/plugins/com.st.stm32cube.ide.mcu.externaltools.gnu-tools-for-stm32.7-2018-q2-update.win32_1.0.0.201904181610/tools/bin/../lib/gcc/arm-none-eabi/7.3.1/../../../../arm-none-eabi/lib/thumb/v7-m\libc_nano.a(lib_a-wsetup.o)
 .ARM.attributes
                0x0000000000000752       0x2d d:/program files/stm32cubeide_1.0.2/stm32cubeide/plugins/com.st.stm32cube.ide.mcu.externaltools.gnu-tools-for-stm32.7-2018-q2-update.win32_1.0.0.201904181610/tools/bin/../lib/gcc/arm-none-eabi/7.3.1/../../../../arm-none-eabi/lib/thumb/v7-m\libc_nano.a(lib_a-closer.o)
 .ARM.attributes
                0x000000000000077f       0x2d d:/program files/stm32cubeide_1.0.2/stm32cubeide/plugins/com.st.stm32cube.ide.mcu.externaltools.gnu-tools-for-stm32.7-2018-q2-update.win32_1.0.0.201904181610/tools/bin/../lib/gcc/arm-none-eabi/7.3.1/../../../../arm-none-eabi/lib/thumb/v7-m\libc_nano.a(lib_a-fflush.o)
 .ARM.attributes
                0x00000000000007ac       0x2d d:/program files/stm32cubeide_1.0.2/stm32cubeide/plugins/com.st.stm32cube.ide.mcu.externaltools.gnu-tools-for-stm32.7-2018-q2-update.win32_1.0.0.201904181610/tools/bin/../lib/gcc/arm-none-eabi/7.3.1/../../../../arm-none-eabi/lib/thumb/v7-m\libc_nano.a(lib_a-lseekr.o)
 .ARM.attributes
                0x00000000000007d9       0x2d d:/program files/stm32cubeide_1.0.2/stm32cubeide/plugins/com.st.stm32cube.ide.mcu.externaltools.gnu-tools-for-stm32.7-2018-q2-update.win32_1.0.0.201904181610/tools/bin/../lib/gcc/arm-none-eabi/7.3.1/../../../../arm-none-eabi/lib/thumb/v7-m\libc_nano.a(lib_a-makebuf.o)
 .ARM.attributes
                0x0000000000000806       0x2d d:/program files/stm32cubeide_1.0.2/stm32cubeide/plugins/com.st.stm32cube.ide.mcu.externaltools.gnu-tools-for-stm32.7-2018-q2-update.win32_1.0.0.201904181610/tools/bin/../lib/gcc/arm-none-eabi/7.3.1/../../../../arm-none-eabi/lib/thumb/v7-m\libc_nano.a(lib_a-memchr-stub.o)
 .ARM.attributes
                0x0000000000000833       0x2d d:/program files/stm32cubeide_1.0.2/stm32cubeide/plugins/com.st.stm32cube.ide.mcu.externaltools.gnu-tools-for-stm32.7-2018-q2-update.win32_1.0.0.201904181610/tools/bin/../lib/gcc/arm-none-eabi/7.3.1/../../../../arm-none-eabi/lib/thumb/v7-m\libc_nano.a(lib_a-memcpy-stub.o)
 .ARM.attributes
                0x0000000000000860       0x2d d:/program files/stm32cubeide_1.0.2/stm32cubeide/plugins/com.st.stm32cube.ide.mcu.externaltools.gnu-tools-for-stm32.7-2018-q2-update.win32_1.0.0.201904181610/tools/bin/../lib/gcc/arm-none-eabi/7.3.1/../../../../arm-none-eabi/lib/thumb/v7-m\libc_nano.a(lib_a-memmove.o)
 .ARM.attributes
                0x000000000000088d       0x2d d:/program files/stm32cubeide_1.0.2/stm32cubeide/plugins/com.st.stm32cube.ide.mcu.externaltools.gnu-tools-for-stm32.7-2018-q2-update.win32_1.0.0.201904181610/tools/bin/../lib/gcc/arm-none-eabi/7.3.1/../../../../arm-none-eabi/lib/thumb/v7-m\libc_nano.a(lib_a-mlock.o)
 .ARM.attributes
                0x00000000000008ba       0x2d d:/program files/stm32cubeide_1.0.2/stm32cubeide/plugins/com.st.stm32cube.ide.mcu.externaltools.gnu-tools-for-stm32.7-2018-q2-update.win32_1.0.0.201904181610/tools/bin/../lib/gcc/arm-none-eabi/7.3.1/../../../../arm-none-eabi/lib/thumb/v7-m\libc_nano.a(lib_a-nano-reallocr.o)
 .ARM.attributes
                0x00000000000008e7       0x2d d:/program files/stm32cubeide_1.0.2/stm32cubeide/plugins/com.st.stm32cube.ide.mcu.externaltools.gnu-tools-for-stm32.7-2018-q2-update.win32_1.0.0.201904181610/tools/bin/../lib/gcc/arm-none-eabi/7.3.1/../../../../arm-none-eabi/lib/thumb/v7-m\libc_nano.a(lib_a-readr.o)
 .ARM.attributes
                0x0000000000000914       0x2d d:/program files/stm32cubeide_1.0.2/stm32cubeide/plugins/com.st.stm32cube.ide.mcu.externaltools.gnu-tools-for-stm32.7-2018-q2-update.win32_1.0.0.201904181610/tools/bin/../lib/gcc/arm-none-eabi/7.3.1/../../../../arm-none-eabi/lib/thumb/v7-m\libc_nano.a(lib_a-reent.o)
 .ARM.attributes
                0x0000000000000941       0x2d d:/program files/stm32cubeide_1.0.2/stm32cubeide/plugins/com.st.stm32cube.ide.mcu.externaltools.gnu-tools-for-stm32.7-2018-q2-update.win32_1.0.0.201904181610/tools/bin/../lib/gcc/arm-none-eabi/7.3.1/../../../../arm-none-eabi/lib/thumb/v7-m\libc_nano.a(lib_a-fstatr.o)
 .ARM.attributes
                0x000000000000096e       0x2d d:/program files/stm32cubeide_1.0.2/stm32cubeide/plugins/com.st.stm32cube.ide.mcu.externaltools.gnu-tools-for-stm32.7-2018-q2-update.win32_1.0.0.201904181610/tools/bin/../lib/gcc/arm-none-eabi/7.3.1/../../../../arm-none-eabi/lib/thumb/v7-m\libc_nano.a(lib_a-isattyr.o)
 .ARM.attributes
                0x000000000000099b       0x2d d:/program files/stm32cubeide_1.0.2/stm32cubeide/plugins/com.st.stm32cube.ide.mcu.externaltools.gnu-tools-for-stm32.7-2018-q2-update.win32_1.0.0.201904181610/tools/bin/../lib/gcc/arm-none-eabi/7.3.1/../../../../arm-none-eabi/lib/thumb/v7-m\libc_nano.a(lib_a-nano-msizer.o)
 .ARM.attributes
                0x00000000000009c8       0x1d d:/program files/stm32cubeide_1.0.2/stm32cubeide/plugins/com.st.stm32cube.ide.mcu.externaltools.gnu-tools-for-stm32.7-2018-q2-update.win32_1.0.0.201904181610/tools/bin/../lib/gcc/arm-none-eabi/7.3.1/thumb/v7-m\libgcc.a(_arm_addsubdf3.o)
 .ARM.attributes
                0x00000000000009e5       0x1d d:/program files/stm32cubeide_1.0.2/stm32cubeide/plugins/com.st.stm32cube.ide.mcu.externaltools.gnu-tools-for-stm32.7-2018-q2-update.win32_1.0.0.201904181610/tools/bin/../lib/gcc/arm-none-eabi/7.3.1/thumb/v7-m\libgcc.a(_arm_muldivdf3.o)
 .ARM.attributes
                0x0000000000000a02       0x1d d:/program files/stm32cubeide_1.0.2/stm32cubeide/plugins/com.st.stm32cube.ide.mcu.externaltools.gnu-tools-for-stm32.7-2018-q2-update.win32_1.0.0.201904181610/tools/bin/../lib/gcc/arm-none-eabi/7.3.1/thumb/v7-m\libgcc.a(_arm_fixunsdfsi.o)
 .ARM.attributes
                0x0000000000000a1f       0x1d d:/program files/stm32cubeide_1.0.2/stm32cubeide/plugins/com.st.stm32cube.ide.mcu.externaltools.gnu-tools-for-stm32.7-2018-q2-update.win32_1.0.0.201904181610/tools/bin/../lib/gcc/arm-none-eabi/7.3.1/thumb/v7-m/crtn.o
OUTPUT(Tetris.elf elf32-littlearm)

.debug_info     0x0000000000000000     0xc7d6
 .debug_info    0x0000000000000000      0x764 Drivers/STM32F1xx_HAL_Driver/Src/stm32f1xx_hal.o
 .debug_info    0x0000000000000764      0xbac Drivers/STM32F1xx_HAL_Driver/Src/stm32f1xx_hal_cortex.o
 .debug_info    0x0000000000001310      0x681 Drivers/STM32F1xx_HAL_Driver/Src/stm32f1xx_hal_gpio.o
 .debug_info    0x0000000000001991      0x804 Drivers/STM32F1xx_HAL_Driver/Src/stm32f1xx_hal_rcc.o
 .debug_info    0x0000000000002195      0xee2 Src/block.o
 .debug_info    0x0000000000003077       0x5e Src/bmp_background.o
 .debug_info    0x00000000000030d5      0xd8c Src/button.o
 .debug_info    0x0000000000003e61      0xd95 Src/game.o
 .debug_info    0x0000000000004bf6      0xceb Src/grid.o
 .debug_info    0x00000000000058e1     0x1886 Src/lcd.o
 .debug_info    0x0000000000007167      0xf59 Src/main.o
 .debug_info    0x00000000000080c0      0xd67 Src/stm32f1xx_hal_msp.o
 .debug_info    0x0000000000008e27      0xc96 Src/stm32f1xx_it.o
 .debug_info    0x0000000000009abd      0xebd Src/syscalls.o
 .debug_info    0x000000000000a97a      0x91c Src/sysmem.o
 .debug_info    0x000000000000b296      0x433 Src/system_stm32f1xx.o
 .debug_info    0x000000000000b6c9     0x10eb Src/ui.o
 .debug_info    0x000000000000c7b4       0x22 Startup/startup_stm32f103rctx.o

.debug_abbrev   0x0000000000000000     0x228f
 .debug_abbrev  0x0000000000000000      0x1d8 Drivers/STM32F1xx_HAL_Driver/Src/stm32f1xx_hal.o
 .debug_abbrev  0x00000000000001d8      0x2d5 Drivers/STM32F1xx_HAL_Driver/Src/stm32f1xx_hal_cortex.o
 .debug_abbrev  0x00000000000004ad      0x1c0 Drivers/STM32F1xx_HAL_Driver/Src/stm32f1xx_hal_gpio.o
 .debug_abbrev  0x000000000000066d      0x243 Drivers/STM32F1xx_HAL_Driver/Src/stm32f1xx_hal_rcc.o
 .debug_abbrev  0x00000000000008b0      0x25e Src/block.o
 .debug_abbrev  0x0000000000000b0e       0x48 Src/bmp_background.o
 .debug_abbrev  0x0000000000000b56      0x223 Src/button.o
 .debug_abbrev  0x0000000000000d79      0x23b Src/game.o
 .debug_abbrev  0x0000000000000fb4      0x20a Src/grid.o
 .debug_abbrev  0x00000000000011be      0x330 Src/lcd.o
 .debug_abbrev  0x00000000000014ee      0x21a Src/main.o
 .debug_abbrev  0x0000000000001708      0x1ce Src/stm32f1xx_hal_msp.o
 .debug_abbrev  0x00000000000018d6      0x1b6 Src/stm32f1xx_it.o
 .debug_abbrev  0x0000000000001a8c      0x261 Src/syscalls.o
 .debug_abbrev  0x0000000000001ced      0x1bb Src/sysmem.o
 .debug_abbrev  0x0000000000001ea8      0x134 Src/system_stm32f1xx.o
 .debug_abbrev  0x0000000000001fdc      0x2a1 Src/ui.o
 .debug_abbrev  0x000000000000227d       0x12 Startup/startup_stm32f103rctx.o

.debug_aranges  0x0000000000000000      0x7a8
 .debug_aranges
                0x0000000000000000       0xe0 Drivers/STM32F1xx_HAL_Driver/Src/stm32f1xx_hal.o
 .debug_aranges
                0x00000000000000e0      0x100 Drivers/STM32F1xx_HAL_Driver/Src/stm32f1xx_hal_cortex.o
 .debug_aranges
                0x00000000000001e0       0x58 Drivers/STM32F1xx_HAL_Driver/Src/stm32f1xx_hal_gpio.o
 .debug_aranges
                0x0000000000000238       0x90 Drivers/STM32F1xx_HAL_Driver/Src/stm32f1xx_hal_rcc.o
 .debug_aranges
                0x00000000000002c8       0x60 Src/block.o
 .debug_aranges
                0x0000000000000328       0x18 Src/bmp_background.o
 .debug_aranges
                0x0000000000000340       0x38 Src/button.o
 .debug_aranges
                0x0000000000000378       0x68 Src/game.o
 .debug_aranges
                0x00000000000003e0       0x38 Src/grid.o
 .debug_aranges
                0x0000000000000418      0x120 Src/lcd.o
 .debug_aranges
                0x0000000000000538       0x38 Src/main.o
 .debug_aranges
                0x0000000000000570       0x20 Src/stm32f1xx_hal_msp.o
 .debug_aranges
                0x0000000000000590       0x60 Src/stm32f1xx_it.o
 .debug_aranges
                0x00000000000005f0       0xa8 Src/syscalls.o
 .debug_aranges
                0x0000000000000698       0x20 Src/sysmem.o
 .debug_aranges
                0x00000000000006b8       0x28 Src/system_stm32f1xx.o
 .debug_aranges
                0x00000000000006e0       0xa0 Src/ui.o
 .debug_aranges
                0x0000000000000780       0x28 Startup/startup_stm32f103rctx.o

.debug_ranges   0x0000000000000000      0x6a0
 .debug_ranges  0x0000000000000000       0xd0 Drivers/STM32F1xx_HAL_Driver/Src/stm32f1xx_hal.o
 .debug_ranges  0x00000000000000d0       0xf0 Drivers/STM32F1xx_HAL_Driver/Src/stm32f1xx_hal_cortex.o
 .debug_ranges  0x00000000000001c0       0x48 Drivers/STM32F1xx_HAL_Driver/Src/stm32f1xx_hal_gpio.o
 .debug_ranges  0x0000000000000208       0x80 Drivers/STM32F1xx_HAL_Driver/Src/stm32f1xx_hal_rcc.o
 .debug_ranges  0x0000000000000288       0x50 Src/block.o
 .debug_ranges  0x00000000000002d8       0x28 Src/button.o
 .debug_ranges  0x0000000000000300       0x70 Src/game.o
 .debug_ranges  0x0000000000000370       0x28 Src/grid.o
 .debug_ranges  0x0000000000000398      0x110 Src/lcd.o
 .debug_ranges  0x00000000000004a8       0x28 Src/main.o
 .debug_ranges  0x00000000000004d0       0x10 Src/stm32f1xx_hal_msp.o
 .debug_ranges  0x00000000000004e0       0x50 Src/stm32f1xx_it.o
 .debug_ranges  0x0000000000000530       0x98 Src/syscalls.o
 .debug_ranges  0x00000000000005c8       0x10 Src/sysmem.o
 .debug_ranges  0x00000000000005d8       0x18 Src/system_stm32f1xx.o
 .debug_ranges  0x00000000000005f0       0x90 Src/ui.o
 .debug_ranges  0x0000000000000680       0x20 Startup/startup_stm32f103rctx.o

.debug_macro    0x0000000000000000    0x17d59
 .debug_macro   0x0000000000000000      0x19f Drivers/STM32F1xx_HAL_Driver/Src/stm32f1xx_hal.o
 .debug_macro   0x000000000000019f      0xa5a Drivers/STM32F1xx_HAL_Driver/Src/stm32f1xx_hal.o
 .debug_macro   0x0000000000000bf9      0x20f Drivers/STM32F1xx_HAL_Driver/Src/stm32f1xx_hal.o
 .debug_macro   0x0000000000000e08       0x2e Drivers/STM32F1xx_HAL_Driver/Src/stm32f1xx_hal.o
 .debug_macro   0x0000000000000e36       0x22 Drivers/STM32F1xx_HAL_Driver/Src/stm32f1xx_hal.o
 .debug_macro   0x0000000000000e58       0x22 Drivers/STM32F1xx_HAL_Driver/Src/stm32f1xx_hal.o
 .debug_macro   0x0000000000000e7a       0x8e Drivers/STM32F1xx_HAL_Driver/Src/stm32f1xx_hal.o
 .debug_macro   0x0000000000000f08       0x51 Drivers/STM32F1xx_HAL_Driver/Src/stm32f1xx_hal.o
 .debug_macro   0x0000000000000f59       0xef Drivers/STM32F1xx_HAL_Driver/Src/stm32f1xx_hal.o
 .debug_macro   0x0000000000001048       0x6a Drivers/STM32F1xx_HAL_Driver/Src/stm32f1xx_hal.o
 .debug_macro   0x00000000000010b2      0x1df Drivers/STM32F1xx_HAL_Driver/Src/stm32f1xx_hal.o
 .debug_macro   0x0000000000001291       0x1c Drivers/STM32F1xx_HAL_Driver/Src/stm32f1xx_hal.o
 .debug_macro   0x00000000000012ad       0x22 Drivers/STM32F1xx_HAL_Driver/Src/stm32f1xx_hal.o
 .debug_macro   0x00000000000012cf       0xc3 Drivers/STM32F1xx_HAL_Driver/Src/stm32f1xx_hal.o
 .debug_macro   0x0000000000001392      0xd23 Drivers/STM32F1xx_HAL_Driver/Src/stm32f1xx_hal.o
 .debug_macro   0x00000000000020b5     0xfd8c Drivers/STM32F1xx_HAL_Driver/Src/stm32f1xx_hal.o
 .debug_macro   0x0000000000011e41       0x43 Drivers/STM32F1xx_HAL_Driver/Src/stm32f1xx_hal.o
 .debug_macro   0x0000000000011e84      0x174 Drivers/STM32F1xx_HAL_Driver/Src/stm32f1xx_hal.o
 .debug_macro   0x0000000000011ff8       0x5a Drivers/STM32F1xx_HAL_Driver/Src/stm32f1xx_hal.o
 .debug_macro   0x0000000000012052      0x5be Drivers/STM32F1xx_HAL_Driver/Src/stm32f1xx_hal.o
 .debug_macro   0x0000000000012610      0x4d5 Drivers/STM32F1xx_HAL_Driver/Src/stm32f1xx_hal.o
 .debug_macro   0x0000000000012ae5      0x1cb Drivers/STM32F1xx_HAL_Driver/Src/stm32f1xx_hal.o
 .debug_macro   0x0000000000012cb0      0x114 Drivers/STM32F1xx_HAL_Driver/Src/stm32f1xx_hal.o
 .debug_macro   0x0000000000012dc4      0x1ea Drivers/STM32F1xx_HAL_Driver/Src/stm32f1xx_hal.o
 .debug_macro   0x0000000000012fae       0x27 Drivers/STM32F1xx_HAL_Driver/Src/stm32f1xx_hal.o
 .debug_macro   0x0000000000012fd5      0x144 Drivers/STM32F1xx_HAL_Driver/Src/stm32f1xx_hal.o
 .debug_macro   0x0000000000013119      0x1bc Drivers/STM32F1xx_HAL_Driver/Src/stm32f1xx_hal.o
 .debug_macro   0x00000000000132d5       0x30 Drivers/STM32F1xx_HAL_Driver/Src/stm32f1xx_hal.o
 .debug_macro   0x0000000000013305       0x3c Drivers/STM32F1xx_HAL_Driver/Src/stm32f1xx_hal.o
 .debug_macro   0x0000000000013341       0x57 Drivers/STM32F1xx_HAL_Driver/Src/stm32f1xx_hal.o
 .debug_macro   0x0000000000013398       0x88 Drivers/STM32F1xx_HAL_Driver/Src/stm32f1xx_hal.o
 .debug_macro   0x0000000000013420      0x24f Drivers/STM32F1xx_HAL_Driver/Src/stm32f1xx_hal.o
 .debug_macro   0x000000000001366f      0x141 Drivers/STM32F1xx_HAL_Driver/Src/stm32f1xx_hal.o
 .debug_macro   0x00000000000137b0       0xb5 Drivers/STM32F1xx_HAL_Driver/Src/stm32f1xx_hal.o
 .debug_macro   0x0000000000013865      0x17b Drivers/STM32F1xx_HAL_Driver/Src/stm32f1xx_hal_cortex.o
 .debug_macro   0x00000000000139e0      0x1e6 Drivers/STM32F1xx_HAL_Driver/Src/stm32f1xx_hal_gpio.o
 .debug_macro   0x0000000000013bc6      0x18d Drivers/STM32F1xx_HAL_Driver/Src/stm32f1xx_hal_rcc.o
 .debug_macro   0x0000000000013d53      0x37e Src/block.o
 .debug_macro   0x00000000000140d1       0x4c Src/block.o
 .debug_macro   0x000000000001411d       0x10 Src/block.o
 .debug_macro   0x000000000001412d       0x10 Src/block.o
 .debug_macro   0x000000000001413d       0x10 Src/block.o
 .debug_macro   0x000000000001414d       0x40 Src/block.o
 .debug_macro   0x000000000001418d       0x18 Src/block.o
 .debug_macro   0x00000000000141a5       0x46 Src/block.o
 .debug_macro   0x00000000000141eb       0x3c Src/block.o
 .debug_macro   0x0000000000014227       0x34 Src/block.o
 .debug_macro   0x000000000001425b       0x16 Src/block.o
 .debug_macro   0x0000000000014271       0x35 Src/block.o
 .debug_macro   0x00000000000142a6       0x52 Src/block.o
 .debug_macro   0x00000000000142f8       0x1f Src/block.o
 .debug_macro   0x0000000000014317       0x43 Src/block.o
 .debug_macro   0x000000000001435a       0x20 Src/block.o
 .debug_macro   0x000000000001437a      0x1a3 Src/block.o
 .debug_macro   0x000000000001451d      0x32a Src/block.o
 .debug_macro   0x0000000000014847       0x16 Src/block.o
 .debug_macro   0x000000000001485d       0x29 Src/block.o
 .debug_macro   0x0000000000014886      0x1dc Src/block.o
 .debug_macro   0x0000000000014a62       0x16 Src/block.o
 .debug_macro   0x0000000000014a78       0x10 Src/block.o
 .debug_macro   0x0000000000014a88       0x10 Src/block.o
 .debug_macro   0x0000000000014a98       0x10 Src/block.o
 .debug_macro   0x0000000000014aa8       0x1c Src/block.o
 .debug_macro   0x0000000000014ac4       0x52 Src/block.o
 .debug_macro   0x0000000000014b16       0x40 Src/block.o
 .debug_macro   0x0000000000014b56       0x10 Src/block.o
 .debug_macro   0x0000000000014b66       0x40 Src/block.o
 .debug_macro   0x0000000000014ba6       0xd7 Src/block.o
 .debug_macro   0x0000000000014c7d       0x1c Src/block.o
 .debug_macro   0x0000000000014c99       0x3d Src/block.o
 .debug_macro   0x0000000000014cd6       0x35 Src/block.o
 .debug_macro   0x0000000000014d0b       0x34 Src/block.o
 .debug_macro   0x0000000000014d3f       0x11 Src/bmp_background.o
 .debug_macro   0x0000000000014d50      0x380 Src/button.o
 .debug_macro   0x00000000000150d0       0x10 Src/button.o
 .debug_macro   0x00000000000150e0      0x384 Src/game.o
 .debug_macro   0x0000000000015464      0x384 Src/grid.o
 .debug_macro   0x00000000000157e8      0x38e Src/lcd.o
 .debug_macro   0x0000000000015b76      0x3dc Src/main.o
 .debug_macro   0x0000000000015f52       0x16 Src/main.o
 .debug_macro   0x0000000000015f68       0x20 Src/main.o
 .debug_macro   0x0000000000015f88       0x1c Src/main.o
 .debug_macro   0x0000000000015fa4       0x10 Src/main.o
 .debug_macro   0x0000000000015fb4       0x10 Src/main.o
 .debug_macro   0x0000000000015fc4       0x16 Src/main.o
 .debug_macro   0x0000000000015fda      0x145 Src/main.o
 .debug_macro   0x000000000001611f      0x37a Src/stm32f1xx_hal_msp.o
 .debug_macro   0x0000000000016499      0x384 Src/stm32f1xx_it.o
 .debug_macro   0x000000000001681d      0x243 Src/syscalls.o
 .debug_macro   0x0000000000016a60       0x40 Src/syscalls.o
 .debug_macro   0x0000000000016aa0       0x94 Src/syscalls.o
 .debug_macro   0x0000000000016b34       0x57 Src/syscalls.o
 .debug_macro   0x0000000000016b8b      0x330 Src/syscalls.o
 .debug_macro   0x0000000000016ebb      0x122 Src/syscalls.o
 .debug_macro   0x0000000000016fdd       0x10 Src/syscalls.o
 .debug_macro   0x0000000000016fed      0x241 Src/syscalls.o
 .debug_macro   0x000000000001722e      0x189 Src/syscalls.o
 .debug_macro   0x00000000000173b7       0x16 Src/syscalls.o
 .debug_macro   0x00000000000173cd       0x88 Src/syscalls.o
 .debug_macro   0x0000000000017455      0x1ae Src/sysmem.o
 .debug_macro   0x0000000000017603      0x23b Src/sysmem.o
 .debug_macro   0x000000000001783e       0x16 Src/sysmem.o
 .debug_macro   0x0000000000017854      0x181 Src/system_stm32f1xx.o
 .debug_macro   0x00000000000179d5      0x384 Src/ui.o

.debug_line     0x0000000000000000     0x9709
 .debug_line    0x0000000000000000      0x7ed Drivers/STM32F1xx_HAL_Driver/Src/stm32f1xx_hal.o
 .debug_line    0x00000000000007ed      0x8c6 Drivers/STM32F1xx_HAL_Driver/Src/stm32f1xx_hal_cortex.o
 .debug_line    0x00000000000010b3      0x815 Drivers/STM32F1xx_HAL_Driver/Src/stm32f1xx_hal_gpio.o
 .debug_line    0x00000000000018c8      0x8af Drivers/STM32F1xx_HAL_Driver/Src/stm32f1xx_hal_rcc.o
 .debug_line    0x0000000000002177      0x9c6 Src/block.o
 .debug_line    0x0000000000002b3d       0x38 Src/bmp_background.o
 .debug_line    0x0000000000002b75      0x921 Src/button.o
 .debug_line    0x0000000000003496      0x93a Src/game.o
 .debug_line    0x0000000000003dd0      0x915 Src/grid.o
 .debug_line    0x00000000000046e5     0x16bc Src/lcd.o
 .debug_line    0x0000000000005da1      0x912 Src/main.o
 .debug_line    0x00000000000066b3      0x863 Src/stm32f1xx_hal_msp.o
 .debug_line    0x0000000000006f16      0x906 Src/stm32f1xx_it.o
 .debug_line    0x000000000000781c      0x774 Src/syscalls.o
 .debug_line    0x0000000000007f90      0x590 Src/sysmem.o
 .debug_line    0x0000000000008520      0x640 Src/system_stm32f1xx.o
 .debug_line    0x0000000000008b60      0xb2a Src/ui.o
 .debug_line    0x000000000000968a       0x7f Startup/startup_stm32f103rctx.o

.debug_str      0x0000000000000000    0x7811c
 .debug_str     0x0000000000000000    0x71300 Drivers/STM32F1xx_HAL_Driver/Src/stm32f1xx_hal.o
                                      0x7174b (size before relaxing)
 .debug_str     0x0000000000071300      0x326 Drivers/STM32F1xx_HAL_Driver/Src/stm32f1xx_hal_cortex.o
                                      0x71759 (size before relaxing)
 .debug_str     0x0000000000071626      0x3a9 Drivers/STM32F1xx_HAL_Driver/Src/stm32f1xx_hal_gpio.o
                                      0x713a0 (size before relaxing)
 .debug_str     0x00000000000719cf      0x373 Drivers/STM32F1xx_HAL_Driver/Src/stm32f1xx_hal_rcc.o
                                      0x713d9 (size before relaxing)
 .debug_str     0x0000000000071d42     0x45fc Src/block.o
                                      0x75614 (size before relaxing)
 .debug_str     0x000000000007633e       0x18 Src/bmp_background.o
                                       0x2cda (size before relaxing)
 .debug_str     0x0000000000076356       0x58 Src/button.o
                                      0x755fc (size before relaxing)
 .debug_str     0x00000000000763ae       0xba Src/game.o
                                      0x75664 (size before relaxing)
 .debug_str     0x0000000000076468       0x38 Src/grid.o
                                      0x755c0 (size before relaxing)
 .debug_str     0x00000000000764a0      0x2d7 Src/lcd.o
                                      0x758e1 (size before relaxing)
 .debug_str     0x0000000000076777      0x6d9 Src/main.o
                                      0x75e1a (size before relaxing)
 .debug_str     0x0000000000076e50       0x1b Src/stm32f1xx_hal_msp.o
                                      0x7560c (size before relaxing)
 .debug_str     0x0000000000076e6b       0xb8 Src/stm32f1xx_it.o
                                      0x75629 (size before relaxing)
 .debug_str     0x0000000000076f23     0x100e Src/syscalls.o
                                       0x885a (size before relaxing)
 .debug_str     0x0000000000077f31       0x31 Src/sysmem.o
                                       0x7ab3 (size before relaxing)
 .debug_str     0x0000000000077f62       0x69 Src/system_stm32f1xx.o
                                      0x71051 (size before relaxing)
 .debug_str     0x0000000000077fcb      0x120 Src/ui.o
                                      0x756f5 (size before relaxing)
 .debug_str     0x00000000000780eb       0x31 Startup/startup_stm32f103rctx.o
                                         0x58 (size before relaxing)

.comment        0x0000000000000000       0x7b
 .comment       0x0000000000000000       0x7b Drivers/STM32F1xx_HAL_Driver/Src/stm32f1xx_hal.o
                                         0x7c (size before relaxing)
 .comment       0x000000000000007b       0x7c Drivers/STM32F1xx_HAL_Driver/Src/stm32f1xx_hal_cortex.o
 .comment       0x000000000000007b       0x7c Drivers/STM32F1xx_HAL_Driver/Src/stm32f1xx_hal_gpio.o
 .comment       0x000000000000007b       0x7c Drivers/STM32F1xx_HAL_Driver/Src/stm32f1xx_hal_rcc.o
 .comment       0x000000000000007b       0x7c Src/block.o
 .comment       0x000000000000007b       0x7c Src/bmp_background.o
 .comment       0x000000000000007b       0x7c Src/button.o
 .comment       0x000000000000007b       0x7c Src/game.o
 .comment       0x000000000000007b       0x7c Src/grid.o
 .comment       0x000000000000007b       0x7c Src/lcd.o
 .comment       0x000000000000007b       0x7c Src/main.o
 .comment       0x000000000000007b       0x7c Src/stm32f1xx_hal_msp.o